******************************************************************************
                  TI ARM Linker Unix v20.2.1                   
******************************************************************************
>> Linked Sat Nov 28 12:54:16 2020

OUTPUT FILE NAME:   <RTOS.out>
ENTRY POINT SYMBOL: "_c_int00_noargs"  address: 0000357d


MEMORY CONFIGURATION

         name            origin    length      used     unused   attr    fill
----------------------  --------  ---------  --------  --------  ----  --------
  FLASH                 00000000   00040000  00003648  0003c9b8  R  X
  SRAM                  20000000   00008000  00007c1d  000003e3  RW X


SEGMENT ALLOCATION MAP

run origin  load origin   length   init length attrs members
----------  ----------- ---------- ----------- ----- -------
00000000    00000000    00003648   00003648    r-x
  00000000    00000000    0000026c   0000026c    r-- .intvecs
  0000026c    0000026c    00003394   00003394    r-x .text
  00003600    00003600    00000048   00000048    r-- .cinit
20000000    20000000    00000c20   00000000    rw-
  20000000    20000000    00000800   00000000    rw- .stack
  20000800    20000800    000003f5   00000000    rw- .bss
  20000bf8    20000bf8    00000028   00000000    rw- .data
20001000    20001000    00007000   00000000    rw-
  20001000    20001000    00007000   00000000    rw- .heap


SECTION ALLOCATION MAP

 output                                  attributes/
section   page    origin      length       input sections
--------  ----  ----------  ----------   ----------------
.intvecs   0    00000000    0000026c     
                  00000000    0000026c     tm4c123gh6pm_startup_ccs.obj (.intvecs)

.text      0    0000026c    00003394     
                  0000026c    00002f78     rtos.obj (.text)
                  000031e4    00000184     uart0.obj (.text)
                  00003368    0000009c     rtsv7M4_T_le_v4SPD16_eabi.lib : memcpy_t2.asm.obj (.text)
                  00003404    0000007a                                   : memset_t2.asm.obj (.text)
                  0000347e    00000068                                   : copy_decompress_lzss.c.obj (.text:decompress:lzss:__TI_decompress_lzss)
                  000034e6    00000002     --HOLE-- [fill = 0]
                  000034e8    00000050     rtos_s.obj (.text)
                  00003538    00000044     rtsv7M4_T_le_v4SPD16_eabi.lib : autoinit.c.obj (.text:__TI_auto_init_nobinit_nopinit:__TI_auto_init_nobinit_nopinit)
                  0000357c    00000034                                   : boot_cortex_m.c.obj (.text:_c_int00_noargs:_c_int00_noargs)
                  000035b0    00000024     wait.obj (.text)
                  000035d4    0000000e     rtsv7M4_T_le_v4SPD16_eabi.lib : copy_decompress_none.c.obj (.text:decompress:none:__TI_decompress_none)
                  000035e2    0000000c                                   : copy_zero_init.c.obj (.text:decompress:ZI:__TI_zero_init)
                  000035ee    0000000a     tm4c123gh6pm_startup_ccs.obj (.text)
                  000035f8    00000004     rtsv7M4_T_le_v4SPD16_eabi.lib : pre_init.c.obj (.text:_system_pre_init)
                  000035fc    00000004                                   : exit.c.obj (.text:abort:abort)

.cinit     0    00003600    00000048     
                  00003600    00000014     (.cinit..data.load) [load image, compression = lzss]
                  00003614    0000000c     (__TI_handler_table)
                  00003620    00000008     (.cinit..bss.load) [load image, compression = zero_init]
                  00003628    00000008     (.cinit..heap.load) [load image, compression = zero_init]
                  00003630    00000018     (__TI_cinit_table)

.init_array 
*          0    00000000    00000000     UNINITIALIZED

.bss       0    20000800    000003f5     UNINITIALIZED
                  20000800    000002d0     (.common:tcb)
                  20000ad0    000000dc     (.common:semaphores)
                  20000bac    00000040     (.common:last_searched_task)
                  20000bec    00000004     (.common:time_difference)
                  20000bf0    00000001     (.common:flashReq)
                  20000bf1    00000001     (.common:keyPressed)
                  20000bf2    00000001     (.common:keyReleased)
                  20000bf3    00000001     (.common:resource)
                  20000bf4    00000001     (.common:sched_mode)

.data      0    20000bf8    00000028     UNINITIALIZED
                  20000bf8    00000028     rtos.obj (.data)

.stack     0    20000000    00000800     UNINITIALIZED
                  20000000    00000004     rtsv7M4_T_le_v4SPD16_eabi.lib : boot_cortex_m.c.obj (.stack)
                  20000004    000007fc     --HOLE--

.heap      0    20001000    00007000     UNINITIALIZED
                  20001000    00007000     rtos.obj (.heap)

__llvm_prf_cnts 
*          0    20000000    00000000     UNINITIALIZED

MODULE SUMMARY

       Module                         code    ro data   rw data
       ------                         ----    -------   -------
    ./
       rtos.obj                       12152   0         29725  
       tm4c123gh6pm_startup_ccs.obj   10      620       0      
       uart0.obj                      388     0         0      
       rtos_s.obj                     80      0         0      
       wait.obj                       36      0         0      
    +--+------------------------------+-------+---------+---------+
       Total:                         12666   620       29725  
                                                               
    /Applications/ti/ccs/tools/compiler/ti-cgt-arm_20.2.1.LTS/lib/rtsv7M4_T_le_v4SPD16_eabi.lib
       memcpy_t2.asm.obj              156     0         0      
       memset_t2.asm.obj              122     0         0      
       copy_decompress_lzss.c.obj     104     0         0      
       autoinit.c.obj                 68      0         0      
       boot_cortex_m.c.obj            52      0         0      
       copy_decompress_none.c.obj     14      0         0      
       copy_zero_init.c.obj           12      0         0      
       exit.c.obj                     4       0         0      
       pre_init.c.obj                 4       0         0      
    +--+------------------------------+-------+---------+---------+
       Total:                         536     0         0      
                                                               
       Stack:                         0       0         2048   
       Linker Generated:              0       72        0      
    +--+------------------------------+-------+---------+---------+
       Grand Total:                   13202   692       31773  


LINKER GENERATED COPY TABLES

__TI_cinit_table @ 00003630 records: 3, size/record: 8, table size: 24
	.data: load addr=00003600, load size=00000014 bytes, run addr=20000bf8, run size=00000028 bytes, compression=lzss
	.bss: load addr=00003620, load size=00000008 bytes, run addr=20000800, run size=000003f5 bytes, compression=zero_init
	.heap: load addr=00003628, load size=00000008 bytes, run addr=20001000, run size=00007000 bytes, compression=zero_init


LINKER GENERATED HANDLER TABLE

__TI_handler_table @ 00003614 records: 3, size/record: 4, table size: 12
	index: 0, handler: __TI_decompress_lzss
	index: 1, handler: __TI_decompress_none
	index: 2, handler: __TI_zero_init


GLOBAL SYMBOLS: SORTED ALPHABETICALLY BY Name 

address   name                          
-------   ----                          
000035fd  C$$EXIT                       
00002125  IntegerToString               
20000c10  N                             
000035ef  ResetISR                      
000021b5  StringToInteger               
20000800  __STACK_END                   
00000800  __STACK_SIZE                  
20000200  __STACK_TOP                   
00003630  __TI_CINIT_Base               
00003648  __TI_CINIT_Limit              
00003614  __TI_Handler_Table_Base       
00003620  __TI_Handler_Table_Limit      
00003539  __TI_auto_init_nobinit_nopinit
0000347f  __TI_decompress_lzss          
000035d5  __TI_decompress_none          
ffffffff  __TI_pprof_out_hndl           
ffffffff  __TI_prof_data_size           
ffffffff  __TI_prof_data_start          
00000000  __TI_static_base__            
000035e3  __TI_zero_init                
00003405  __aeabi_memclr                
00003405  __aeabi_memclr4               
00003405  __aeabi_memclr8               
00003369  __aeabi_memcpy                
00003369  __aeabi_memcpy4               
00003369  __aeabi_memcpy8               
00003407  __aeabi_memset                
00003407  __aeabi_memset4               
00003407  __aeabi_memset8               
ffffffff  __binit__                     
ffffffff  __c_args__                    
UNDEFED   __mpu_init                    
20000000  __stack                       
20000000  __start___llvm_prf_cnts       
20000000  __stop___llvm_prf_cnts        
0000357d  _c_int00_noargs               
UNDEFED   _system_post_cinit            
000035f9  _system_pre_init              
000035fd  abort                         
00002331  alpha                         
ffffffff  binit                         
00001c7f  busFaultIsr                   
00002609  compare                       
00001eb1  copy                          
20000c17  count                         
00000599  createSemaphore               
00000413  createThread                  
0000284d  debounce                      
0000056d  destroyThread                 
000028a7  errant                        
20000c00  final_time                    
00002721  flash4Hz                      
20000bf0  flashReq                      
00000000  g_pfnVectors                  
00002579  getFieldInteger               
00002539  getFieldString                
00001f15  getLength                     
00003533  getMSP                        
0000352d  getPSP                        
00001f49  getSVCNumber                  
000032ed  getcUart0                     
000022ad  getsUart0                     
00001c15  hardFaultIsr                  
20000c18  heap                          
000021ef  hex2int                       
00002705  idle                          
000028c5  important                     
00001cd9  initHw                        
0000026d  initRtos                      
000031e5  initUart0                     
20000bfc  initial_time                  
00002699  ipcs                          
0000264f  isCommand                     
20000c0c  j                             
00003309  kbhitUart0                    
20000bf1  keyPressed                    
20000bf2  keyReleased                   
000026a5  kill                          
20000bac  last_searched_task            
00002767  lengthyFn                     
00002f21  main                          
00003369  memcpy                        
0000340d  memset                        
000026f7  mpu                           
00001a9d  mpuFaultIsr                   
20000c16  mpu_mode                      
20001000  mystack                       
00002363  numeric                       
00002735  oneshot                       
0000239d  parseFields                   
00002757  partOfLengthyFn               
00000b49  pendSvIsr                     
000026b1  pi                            
20000c15  pi_mode                       
000026db  pidof                         
000009eb  post                          
000026bf  preempt                       
20000c14  preempt_mode                  
20000c1c  prio                          
000034fb  privilegedmode                
000026e7  proc_name                     
0000268d  ps                            
000032a5  putcUart0                     
000032c1  putsUart0                     
000027b5  readKeys                      
00001e1f  readPbs                       
000026f3  reboot                        
20000bf3  resource                      
0000055b  restartThread                 
000002bb  rtosScheduler                 
20000c1e  run_task                      
000026cd  sched                         
20000bf4  sched_mode                    
20000bf8  semaphoreCount                
20000ad0  semaphores                    
00003517  setASP                        
00003509  setPSP                        
0000057d  setThreadPriority             
00003279  setUart0BaudRate              
0000291d  shell                         
000009cd  sleep                         
00000619  startRtos                     
00000f5d  svCallIsr                     
00000a09  systickIsr                    
20000bfa  taskCount                     
20000bf9  taskCurrent                   
20000800  tcb                           
20000bec  time_difference               
20000c04  total_time                    
20000c08  total_time_temp               
00002079  uint32_tToHex                 
00001fb9  uint32_tToHex1                
00002897  uncooperative                 
00001ca1  usageFaultIsr                 
000034ed  usermode                      
000009dd  wait                          
000035b1  waitMicrosecond               
000009c1  yield                         


GLOBAL SYMBOLS: SORTED BY Symbol Address 

address   name                          
-------   ----                          
00000000  __TI_static_base__            
00000000  g_pfnVectors                  
0000026d  initRtos                      
000002bb  rtosScheduler                 
00000413  createThread                  
0000055b  restartThread                 
0000056d  destroyThread                 
0000057d  setThreadPriority             
00000599  createSemaphore               
00000619  startRtos                     
00000800  __STACK_SIZE                  
000009c1  yield                         
000009cd  sleep                         
000009dd  wait                          
000009eb  post                          
00000a09  systickIsr                    
00000b49  pendSvIsr                     
00000f5d  svCallIsr                     
00001a9d  mpuFaultIsr                   
00001c15  hardFaultIsr                  
00001c7f  busFaultIsr                   
00001ca1  usageFaultIsr                 
00001cd9  initHw                        
00001e1f  readPbs                       
00001eb1  copy                          
00001f15  getLength                     
00001f49  getSVCNumber                  
00001fb9  uint32_tToHex1                
00002079  uint32_tToHex                 
00002125  IntegerToString               
000021b5  StringToInteger               
000021ef  hex2int                       
000022ad  getsUart0                     
00002331  alpha                         
00002363  numeric                       
0000239d  parseFields                   
00002539  getFieldString                
00002579  getFieldInteger               
00002609  compare                       
0000264f  isCommand                     
0000268d  ps                            
00002699  ipcs                          
000026a5  kill                          
000026b1  pi                            
000026bf  preempt                       
000026cd  sched                         
000026db  pidof                         
000026e7  proc_name                     
000026f3  reboot                        
000026f7  mpu                           
00002705  idle                          
00002721  flash4Hz                      
00002735  oneshot                       
00002757  partOfLengthyFn               
00002767  lengthyFn                     
000027b5  readKeys                      
0000284d  debounce                      
00002897  uncooperative                 
000028a7  errant                        
000028c5  important                     
0000291d  shell                         
00002f21  main                          
000031e5  initUart0                     
00003279  setUart0BaudRate              
000032a5  putcUart0                     
000032c1  putsUart0                     
000032ed  getcUart0                     
00003309  kbhitUart0                    
00003369  __aeabi_memcpy                
00003369  __aeabi_memcpy4               
00003369  __aeabi_memcpy8               
00003369  memcpy                        
00003405  __aeabi_memclr                
00003405  __aeabi_memclr4               
00003405  __aeabi_memclr8               
00003407  __aeabi_memset                
00003407  __aeabi_memset4               
00003407  __aeabi_memset8               
0000340d  memset                        
0000347f  __TI_decompress_lzss          
000034ed  usermode                      
000034fb  privilegedmode                
00003509  setPSP                        
00003517  setASP                        
0000352d  getPSP                        
00003533  getMSP                        
00003539  __TI_auto_init_nobinit_nopinit
0000357d  _c_int00_noargs               
000035b1  waitMicrosecond               
000035d5  __TI_decompress_none          
000035e3  __TI_zero_init                
000035ef  ResetISR                      
000035f9  _system_pre_init              
000035fd  C$$EXIT                       
000035fd  abort                         
00003614  __TI_Handler_Table_Base       
00003620  __TI_Handler_Table_Limit      
00003630  __TI_CINIT_Base               
00003648  __TI_CINIT_Limit              
20000000  __stack                       
20000000  __start___llvm_prf_cnts       
20000000  __stop___llvm_prf_cnts        
20000200  __STACK_TOP                   
20000800  __STACK_END                   
20000800  tcb                           
20000ad0  semaphores                    
20000bac  last_searched_task            
20000bec  time_difference               
20000bf0  flashReq                      
20000bf1  keyPressed                    
20000bf2  keyReleased                   
20000bf3  resource                      
20000bf4  sched_mode                    
20000bf8  semaphoreCount                
20000bf9  taskCurrent                   
20000bfa  taskCount                     
20000bfc  initial_time                  
20000c00  final_time                    
20000c04  total_time                    
20000c08  total_time_temp               
20000c0c  j                             
20000c10  N                             
20000c14  preempt_mode                  
20000c15  pi_mode                       
20000c16  mpu_mode                      
20000c17  count                         
20000c18  heap                          
20000c1c  prio                          
20000c1e  run_task                      
20001000  mystack                       
ffffffff  __TI_pprof_out_hndl           
ffffffff  __TI_prof_data_size           
ffffffff  __TI_prof_data_start          
ffffffff  __binit__                     
ffffffff  __c_args__                    
ffffffff  binit                         
UNDEFED   __mpu_init                    
UNDEFED   _system_post_cinit            

[138 symbols]
