******************************************************************************
                  TI ARM Linker Unix v18.12.5                  
******************************************************************************
>> Linked Mon Nov  9 14:34:14 2020

OUTPUT FILE NAME:   <RTOS.out>
ENTRY POINT SYMBOL: "_c_int00_noargs"  address: 00002b95


MEMORY CONFIGURATION

         name            origin    length      used     unused   attr    fill
----------------------  --------  ---------  --------  --------  ----  --------
  FLASH                 00000000   00040000  00002e2d  0003d1d3  R  X
  SRAM                  20000000   00008000  00007a9c  00000564  RW X


SEGMENT ALLOCATION MAP

run origin  load origin   length   init length attrs members
----------  ----------- ---------- ----------- ----- -------
00000000    00000000    00002e30   00002e30    r-x
  00000000    00000000    0000026c   0000026c    r-- .intvecs
  0000026c    0000026c    00002a78   00002a78    r-x .text
  00002ce4    00002ce4    00000101   00000101    r-- .const
  00002de8    00002de8    00000048   00000048    r-- .cinit
20000000    20000000    00000a9c   00000000    rw-
  20000000    20000000    00000800   00000000    rw- .stack
  20000800    20000800    0000028c   00000000    rw- .bss
  20000a8c    20000a8c    00000010   00000000    rw- .data
20001000    20001000    00007000   00000000    rw-
  20001000    20001000    00007000   00000000    rw- .heap


SECTION ALLOCATION MAP

 output                                  attributes/
section   page    origin      length       input sections
--------  ----  ----------  ----------   ----------------
.intvecs   0    00000000    0000026c     
                  00000000    0000026c     tm4c123gh6pm_startup_ccs.obj (.intvecs)

.text      0    0000026c    00002a78     
                  0000026c    00000a78     rtos.obj (.text)
                  00000ce4    00000a4e     rtsv7M4_T_le_v4SPD16_eabi.lib : _printfi.c.obj (.text:__TI_printfi)
                  00001732    00000002                                   : div0.asm.obj (.text)
                  00001734    00000270                                   : _printfi.c.obj (.text:_pconv_a)
                  000019a4    000001d0                                   : _printfi.c.obj (.text:_pconv_g)
                  00001b74    000001b6                                   : fd_add_t2.asm.obj (.text)
                  00001d2a    00000002     --HOLE-- [fill = 0]
                  00001d2c    0000017c     uart0.obj (.text)
                  00001ea8    0000013c     rtsv7M4_T_le_v4SPD16_eabi.lib : _printfi.c.obj (.text:_pconv_e)
                  00001fe4    00000136                                   : fd_div_t2.asm.obj (.text)
                  0000211a    00000002     --HOLE-- [fill = 0]
                  0000211c    00000124                                   : _printfi.c.obj (.text:fcvt)
                  00002240    00000110                                   : s_scalbn.c.obj (.text:scalbn)
                  00002350    000000fc                                   : fd_mul_t2.asm.obj (.text)
                  0000244c    000000b1                                   : _printfi.c.obj (.text:_ltostr)
                  000024fd    00000001     --HOLE-- [fill = 0]
                  000024fe    0000009c                                   : memcpy_t2.asm.obj (.text)
                  0000259a    00000096                                   : ull_div_t2.asm.obj (.text)
                  00002630    00000086                                   : fd_cmp_t2.asm.obj (.text:__aeabi_cdcmple)
                  000026b6    00000086                                   : fd_cmp_t2.asm.obj (.text:__aeabi_cdrcmple)
                  0000273c    0000007a                                   : memset_t2.asm.obj (.text)
                  000027b6    0000006e                                   : _printfi.c.obj (.text:_mcpy)
                  00002824    00000068                                   : copy_decompress_lzss.c.obj (.text:decompress:lzss:__TI_decompress_lzss)
                  0000288c    00000064                                   : s_frexp.c.obj (.text:frexp)
                  000028f0    00000056                                   : _printfi.c.obj (.text:_pconv_f)
                  00002946    00000054                                   : ltoa.c.obj (.text:ltoa)
                  0000299a    00000052                                   : _printfi.c.obj (.text:_ecpy)
                  000029ec    00000050     rtos_s.obj (.text)
                  00002a3c    0000004c     rtsv7M4_T_le_v4SPD16_eabi.lib : atoi.c.obj (.text:atoi)
                  00002a88    00000048                                   : fd_toi_t2.asm.obj (.text)
                  00002ad0    00000044                                   : autoinit.c.obj (.text:__TI_auto_init_nobinit_nopinit:__TI_auto_init_nobinit_nopinit)
                  00002b14    00000040                                   : sprintf.c.obj (.text:sprintf)
                  00002b54    0000003e                                   : _printfi.c.obj (.text:_fcpy)
                  00002b92    00000002     --HOLE-- [fill = 0]
                  00002b94    00000034                                   : boot_cortex_m.c.obj (.text:_c_int00_noargs:_c_int00_noargs)
                  00002bc8    0000002e                                   : i_tofd_t2.asm.obj (.text)
                  00002bf6    00000024     wait.obj (.text)
                  00002c1a    0000001c     rtsv7M4_T_le_v4SPD16_eabi.lib : memccpy.c.obj (.text:memccpy)
                  00002c36    0000001a                                   : s_copysign.c.obj (.text:copysign)
                  00002c50    00000018                                   : sprintf.c.obj (.text:_outs)
                  00002c68    00000016                                   : strchr.c.obj (.text:strchr)
                  00002c7e    00000014                                   : strlen.c.obj (.text:strlen)
                  00002c92    00000012                                   : wcslen.c.obj (.text:wcslen)
                  00002ca4    0000000e                                   : copy_decompress_none.c.obj (.text:decompress:none:__TI_decompress_none)
                  00002cb2    0000000c                                   : copy_zero_init.c.obj (.text:decompress:ZI:__TI_zero_init)
                  00002cbe    0000000c     tm4c123gh6pm_startup_ccs.obj (.text)
                  00002cca    0000000a     rtsv7M4_T_le_v4SPD16_eabi.lib : sprintf.c.obj (.text:_outc)
                  00002cd4    00000008                                   : errno.c.obj (.text:__aeabi_errno_addr)
                  00002cdc    00000004                                   : pre_init.c.obj (.text:_system_pre_init)
                  00002ce0    00000004                                   : exit.c.obj (.text:abort:abort)

.const     0    00002ce4    00000101     
                  00002ce4    00000101     rtsv7M4_T_le_v4SPD16_eabi.lib : ctype.c.obj (.const:.string:_ctypes_)

.cinit     0    00002de8    00000048     
                  00002de8    00000012     (.cinit..data.load) [load image, compression = lzss]
                  00002dfa    00000002     --HOLE-- [fill = 0]
                  00002dfc    0000000c     (__TI_handler_table)
                  00002e08    00000008     (.cinit..bss.load) [load image, compression = zero_init]
                  00002e10    00000008     (.cinit..heap.load) [load image, compression = zero_init]
                  00002e18    00000018     (__TI_cinit_table)

.init_array 
*          0    00000000    00000000     UNINITIALIZED

.bss       0    20000800    0000028c     UNINITIALIZED
                  20000800    00000210     (.common:tcb)
                  20000a10    00000078     (.common:semaphores)
                  20000a88    00000001     (.common:flashReq)
                  20000a89    00000001     (.common:keyPressed)
                  20000a8a    00000001     (.common:keyReleased)
                  20000a8b    00000001     (.common:resource)

.data      0    20000a8c    00000010     UNINITIALIZED
                  20000a8c    00000009     rtos.obj (.data)
                  20000a95    00000003     --HOLE--
                  20000a98    00000004     rtsv7M4_T_le_v4SPD16_eabi.lib : errno.c.obj (.data)

.stack     0    20000000    00000800     UNINITIALIZED
                  20000000    00000004     rtsv7M4_T_le_v4SPD16_eabi.lib : boot_cortex_m.c.obj (.stack)
                  20000004    000007fc     --HOLE--

.heap      0    20001000    00007000     UNINITIALIZED
                  20001000    00007000     rtos.obj (.heap)

MODULE SUMMARY

       Module                         code    ro data   rw data
       ------                         ----    -------   -------
    ./
       rtos.obj                       2680    0         29333  
       tm4c123gh6pm_startup_ccs.obj   12      620       0      
       uart0.obj                      380     0         0      
       rtos_s.obj                     80      0         0      
       wait.obj                       36      0         0      
    +--+------------------------------+-------+---------+---------+
       Total:                         3188    620       29333  
                                                               
    /Applications/ti/ccs930/ccs/tools/compiler/ti-cgt-arm_18.12.5.LTS/lib/rtsv7M4_T_le_v4SPD16_eabi.lib
       _printfi.c.obj                 4851    0         0      
       fd_add_t2.asm.obj              438     0         0      
       fd_div_t2.asm.obj              310     0         0      
       s_scalbn.c.obj                 272     0         0      
       fd_cmp_t2.asm.obj              268     0         0      
       ctype.c.obj                    0       257       0      
       fd_mul_t2.asm.obj              252     0         0      
       memcpy_t2.asm.obj              156     0         0      
       ull_div_t2.asm.obj             150     0         0      
       memset_t2.asm.obj              122     0         0      
       copy_decompress_lzss.c.obj     104     0         0      
       s_frexp.c.obj                  100     0         0      
       sprintf.c.obj                  98      0         0      
       ltoa.c.obj                     84      0         0      
       atoi.c.obj                     76      0         0      
       fd_toi_t2.asm.obj              72      0         0      
       autoinit.c.obj                 68      0         0      
       boot_cortex_m.c.obj            52      0         0      
       i_tofd_t2.asm.obj              46      0         0      
       memccpy.c.obj                  28      0         0      
       s_copysign.c.obj               26      0         0      
       strchr.c.obj                   22      0         0      
       strlen.c.obj                   20      0         0      
       wcslen.c.obj                   18      0         0      
       copy_decompress_none.c.obj     14      0         0      
       copy_zero_init.c.obj           12      0         0      
       errno.c.obj                    8       0         4      
       exit.c.obj                     4       0         0      
       pre_init.c.obj                 4       0         0      
       div0.asm.obj                   2       0         0      
    +--+------------------------------+-------+---------+---------+
       Total:                         7677    257       4      
                                                               
       Stack:                         0       0         2048   
       Linker Generated:              0       70        0      
    +--+------------------------------+-------+---------+---------+
       Grand Total:                   10865   947       31385  


LINKER GENERATED COPY TABLES

__TI_cinit_table @ 00002e18 records: 3, size/record: 8, table size: 24
	.data: load addr=00002de8, load size=00000012 bytes, run addr=20000a8c, run size=00000010 bytes, compression=lzss
	.bss: load addr=00002e08, load size=00000008 bytes, run addr=20000800, run size=0000028c bytes, compression=zero_init
	.heap: load addr=00002e10, load size=00000008 bytes, run addr=20001000, run size=00007000 bytes, compression=zero_init


LINKER GENERATED HANDLER TABLE

__TI_handler_table @ 00002dfc records: 3, size/record: 4, table size: 12
	index: 0, handler: __TI_decompress_lzss
	index: 1, handler: __TI_decompress_none
	index: 2, handler: __TI_zero_init


GLOBAL SYMBOLS: SORTED ALPHABETICALLY BY Name 

address   name                          
-------   ----                          
00002ce1  C$$EXIT                       
00002cbf  ResetISR                      
20000800  __STACK_END                   
00000800  __STACK_SIZE                  
20000200  __STACK_TOP                   
00002e18  __TI_CINIT_Base               
00002e30  __TI_CINIT_Limit              
00002dfc  __TI_Handler_Table_Base       
00002e08  __TI_Handler_Table_Limit      
00002ad1  __TI_auto_init_nobinit_nopinit
00002825  __TI_decompress_lzss          
00002ca5  __TI_decompress_none          
ffffffff  __TI_pprof_out_hndl           
00000ce5  __TI_printfi                  
ffffffff  __TI_prof_data_size           
ffffffff  __TI_prof_data_start          
00000000  __TI_static_base__            
00002cb3  __TI_zero_init                
00002631  __aeabi_cdcmpeq               
00002631  __aeabi_cdcmple               
000026b7  __aeabi_cdrcmple              
00002a89  __aeabi_d2iz                  
00001b7f  __aeabi_dadd                  
00001fe5  __aeabi_ddiv                  
00002351  __aeabi_dmul                  
00001b75  __aeabi_dsub                  
00002cd5  __aeabi_errno_addr            
00002bc9  __aeabi_i2d                   
00001733  __aeabi_idiv0                 
00001733  __aeabi_ldiv0                 
0000273d  __aeabi_memclr                
0000273d  __aeabi_memclr4               
0000273d  __aeabi_memclr8               
000024ff  __aeabi_memcpy                
000024ff  __aeabi_memcpy4               
000024ff  __aeabi_memcpy8               
0000273f  __aeabi_memset                
0000273f  __aeabi_memset4               
0000273f  __aeabi_memset8               
0000259b  __aeabi_uldivmod              
ffffffff  __binit__                     
ffffffff  __c_args__                    
UNDEFED   __mpu_init                    
20000000  __stack                       
00002b95  _c_int00_noargs               
00002ce4  _ctypes_                      
UNDEFED   _system_post_cinit            
00002cdd  _system_pre_init              
00002ce1  abort                         
00002a3d  atoi                          
ffffffff  binit                         
00000823  busFaultIsr                   
0000093f  copy                          
00002c37  copysign                      
00002c37  copysignl                     
000004f7  createSemaphore               
0000031d  createThread                  
00000afd  debounce                      
000004df  destroyThread                 
00000b71  errant                        
20000a98  errno                         
000009bb  flash4Hz                      
20000a88  flashReq                      
0000288d  frexp                         
0000288d  frexpl                        
00000000  g_pfnVectors                  
00002a37  getMSP                        
00002a31  getPSP                        
00000989  getSVCNumber                  
00001e35  getcUart0                     
00000821  hardFaultIsr                  
20000a90  heap                          
0000099f  idle                          
00000bb1  important                     
0000082d  initHw                        
0000026d  initRtos                      
00001d2d  initUart0                     
00001e49  kbhitUart0                    
20000a89  keyPressed                    
20000a8a  keyReleased                   
00002241  ldexp                         
00002241  ldexpl                        
00000a09  lengthyFn                     
00002947  ltoa                          
00000bf9  main                          
00002c1b  memccpy                       
000024ff  memcpy                        
00002745  memset                        
0000081f  mpuFaultIsr                   
20001000  mystack                       
000009cf  oneshot                       
000009f1  partOfLengthyFn               
0000064d  pendSvIsr                     
000005b1  post                          
000029ff  privilegedmode                
00001ded  putcUart0                     
00001e09  putsUart0                     
00000a57  readKeys                      
000008cd  readPbs                       
20000a8b  resource                      
000004d5  restartThread                 
000002bb  rtosScheduler                 
00002241  scalbn                        
00002241  scalbnl                       
20000a8c  semaphoreCount                
20000a10  semaphores                    
00002a1b  setASP                        
00002a0d  setPSP                        
000004e9  setThreadPriority             
00001dc1  setUart0BaudRate              
00000bdd  shell                         
00000599  sleep                         
00002b15  sprintf                       
00000541  startRtos                     
00002c69  strchr                        
00002c7f  strlen                        
0000077d  svCallIsr                     
000005c1  systickIsr                    
20000a8e  taskCount                     
20000a8d  taskCurrent                   
20000800  tcb                           
00000b47  uncooperative                 
00000825  usageFaultIsr                 
000029f1  usermode                      
000005a5  wait                          
00002bf7  waitMicrosecond               
00002c93  wcslen                        
00000591  yield                         


GLOBAL SYMBOLS: SORTED BY Symbol Address 

address   name                          
-------   ----                          
00000000  __TI_static_base__            
00000000  g_pfnVectors                  
0000026d  initRtos                      
000002bb  rtosScheduler                 
0000031d  createThread                  
000004d5  restartThread                 
000004df  destroyThread                 
000004e9  setThreadPriority             
000004f7  createSemaphore               
00000541  startRtos                     
00000591  yield                         
00000599  sleep                         
000005a5  wait                          
000005b1  post                          
000005c1  systickIsr                    
0000064d  pendSvIsr                     
0000077d  svCallIsr                     
00000800  __STACK_SIZE                  
0000081f  mpuFaultIsr                   
00000821  hardFaultIsr                  
00000823  busFaultIsr                   
00000825  usageFaultIsr                 
0000082d  initHw                        
000008cd  readPbs                       
0000093f  copy                          
00000989  getSVCNumber                  
0000099f  idle                          
000009bb  flash4Hz                      
000009cf  oneshot                       
000009f1  partOfLengthyFn               
00000a09  lengthyFn                     
00000a57  readKeys                      
00000afd  debounce                      
00000b47  uncooperative                 
00000b71  errant                        
00000bb1  important                     
00000bdd  shell                         
00000bf9  main                          
00000ce5  __TI_printfi                  
00001733  __aeabi_idiv0                 
00001733  __aeabi_ldiv0                 
00001b75  __aeabi_dsub                  
00001b7f  __aeabi_dadd                  
00001d2d  initUart0                     
00001dc1  setUart0BaudRate              
00001ded  putcUart0                     
00001e09  putsUart0                     
00001e35  getcUart0                     
00001e49  kbhitUart0                    
00001fe5  __aeabi_ddiv                  
00002241  ldexp                         
00002241  ldexpl                        
00002241  scalbn                        
00002241  scalbnl                       
00002351  __aeabi_dmul                  
000024ff  __aeabi_memcpy                
000024ff  __aeabi_memcpy4               
000024ff  __aeabi_memcpy8               
000024ff  memcpy                        
0000259b  __aeabi_uldivmod              
00002631  __aeabi_cdcmpeq               
00002631  __aeabi_cdcmple               
000026b7  __aeabi_cdrcmple              
0000273d  __aeabi_memclr                
0000273d  __aeabi_memclr4               
0000273d  __aeabi_memclr8               
0000273f  __aeabi_memset                
0000273f  __aeabi_memset4               
0000273f  __aeabi_memset8               
00002745  memset                        
00002825  __TI_decompress_lzss          
0000288d  frexp                         
0000288d  frexpl                        
00002947  ltoa                          
000029f1  usermode                      
000029ff  privilegedmode                
00002a0d  setPSP                        
00002a1b  setASP                        
00002a31  getPSP                        
00002a37  getMSP                        
00002a3d  atoi                          
00002a89  __aeabi_d2iz                  
00002ad1  __TI_auto_init_nobinit_nopinit
00002b15  sprintf                       
00002b95  _c_int00_noargs               
00002bc9  __aeabi_i2d                   
00002bf7  waitMicrosecond               
00002c1b  memccpy                       
00002c37  copysign                      
00002c37  copysignl                     
00002c69  strchr                        
00002c7f  strlen                        
00002c93  wcslen                        
00002ca5  __TI_decompress_none          
00002cb3  __TI_zero_init                
00002cbf  ResetISR                      
00002cd5  __aeabi_errno_addr            
00002cdd  _system_pre_init              
00002ce1  C$$EXIT                       
00002ce1  abort                         
00002ce4  _ctypes_                      
00002dfc  __TI_Handler_Table_Base       
00002e08  __TI_Handler_Table_Limit      
00002e18  __TI_CINIT_Base               
00002e30  __TI_CINIT_Limit              
20000000  __stack                       
20000200  __STACK_TOP                   
20000800  __STACK_END                   
20000800  tcb                           
20000a10  semaphores                    
20000a88  flashReq                      
20000a89  keyPressed                    
20000a8a  keyReleased                   
20000a8b  resource                      
20000a8c  semaphoreCount                
20000a8d  taskCurrent                   
20000a8e  taskCount                     
20000a90  heap                          
20000a98  errno                         
20001000  mystack                       
ffffffff  __TI_pprof_out_hndl           
ffffffff  __TI_prof_data_size           
ffffffff  __TI_prof_data_start          
ffffffff  __binit__                     
ffffffff  __c_args__                    
ffffffff  binit                         
UNDEFED   __mpu_init                    
UNDEFED   _system_post_cinit            

[128 symbols]
