******************************************************************************
                  TI ARM Linker Unix v20.2.1                   
******************************************************************************
>> Linked Tue Dec  1 17:25:54 2020

OUTPUT FILE NAME:   <RTOS.out>
ENTRY POINT SYMBOL: "_c_int00_noargs"  address: 000035b5


MEMORY CONFIGURATION

         name            origin    length      used     unused   attr    fill
----------------------  --------  ---------  --------  --------  ----  --------
  FLASH                 00000000   00040000  00003680  0003c980  R  X
  SRAM                  20000000   00008000  00007c19  000003e7  RW X


SEGMENT ALLOCATION MAP

run origin  load origin   length   init length attrs members
----------  ----------- ---------- ----------- ----- -------
00000000    00000000    00003680   00003680    r-x
  00000000    00000000    0000026c   0000026c    r-- .intvecs
  0000026c    0000026c    000033cc   000033cc    r-x .text
  00003638    00003638    00000048   00000048    r-- .cinit
20000000    20000000    00000c1c   00000000    rw-
  20000000    20000000    00000800   00000000    rw- .stack
  20000800    20000800    000003f1   00000000    rw- .bss
  20000bf4    20000bf4    00000028   00000000    rw- .data
20001000    20001000    00007000   00000000    rw-
  20001000    20001000    00007000   00000000    rw- .heap


SECTION ALLOCATION MAP

 output                                  attributes/
section   page    origin      length       input sections
--------  ----  ----------  ----------   ----------------
.intvecs   0    00000000    0000026c     
                  00000000    0000026c     tm4c123gh6pm_startup_ccs.obj (.intvecs)

.text      0    0000026c    000033cc     
                  0000026c    00002fb0     rtos.obj (.text)
                  0000321c    00000184     uart0.obj (.text)
                  000033a0    0000009c     rtsv7M4_T_le_v4SPD16_eabi.lib : memcpy_t2.asm.obj (.text)
                  0000343c    0000007a                                   : memset_t2.asm.obj (.text)
                  000034b6    00000068                                   : copy_decompress_lzss.c.obj (.text:decompress:lzss:__TI_decompress_lzss)
                  0000351e    00000002     --HOLE-- [fill = 0]
                  00003520    00000050     rtos_s.obj (.text)
                  00003570    00000044     rtsv7M4_T_le_v4SPD16_eabi.lib : autoinit.c.obj (.text:__TI_auto_init_nobinit_nopinit:__TI_auto_init_nobinit_nopinit)
                  000035b4    00000034                                   : boot_cortex_m.c.obj (.text:_c_int00_noargs:_c_int00_noargs)
                  000035e8    00000024     wait.obj (.text)
                  0000360c    0000000e     rtsv7M4_T_le_v4SPD16_eabi.lib : copy_decompress_none.c.obj (.text:decompress:none:__TI_decompress_none)
                  0000361a    0000000c                                   : copy_zero_init.c.obj (.text:decompress:ZI:__TI_zero_init)
                  00003626    0000000a     tm4c123gh6pm_startup_ccs.obj (.text)
                  00003630    00000004     rtsv7M4_T_le_v4SPD16_eabi.lib : pre_init.c.obj (.text:_system_pre_init)
                  00003634    00000004                                   : exit.c.obj (.text:abort:abort)

.cinit     0    00003638    00000048     
                  00003638    00000013     (.cinit..data.load) [load image, compression = lzss]
                  0000364b    00000001     --HOLE-- [fill = 0]
                  0000364c    0000000c     (__TI_handler_table)
                  00003658    00000008     (.cinit..bss.load) [load image, compression = zero_init]
                  00003660    00000008     (.cinit..heap.load) [load image, compression = zero_init]
                  00003668    00000018     (__TI_cinit_table)

.init_array 
*          0    00000000    00000000     UNINITIALIZED

.bss       0    20000800    000003f1     UNINITIALIZED
                  20000800    000002d0     (.common:tcb)
                  20000ad0    000000dc     (.common:semaphores)
                  20000bac    00000040     (.common:last_searched_task)
                  20000bec    00000004     (.common:time_difference)
                  20000bf0    00000001     (.common:sched_mode)

.data      0    20000bf4    00000028     UNINITIALIZED
                  20000bf4    00000028     rtos.obj (.data)

.stack     0    20000000    00000800     UNINITIALIZED
                  20000000    00000004     rtsv7M4_T_le_v4SPD16_eabi.lib : boot_cortex_m.c.obj (.stack)
                  20000004    000007fc     --HOLE--

.heap      0    20001000    00007000     UNINITIALIZED
                  20001000    00007000     rtos.obj (.heap)

__llvm_prf_cnts 
*          0    20000000    00000000     UNINITIALIZED

MODULE SUMMARY

       Module                         code    ro data   rw data
       ------                         ----    -------   -------
    ./
       rtos.obj                       12208   0         29721  
       tm4c123gh6pm_startup_ccs.obj   10      620       0      
       uart0.obj                      388     0         0      
       rtos_s.obj                     80      0         0      
       wait.obj                       36      0         0      
    +--+------------------------------+-------+---------+---------+
       Total:                         12722   620       29721  
                                                               
    /Applications/ti/ccs/tools/compiler/ti-cgt-arm_20.2.1.LTS/lib/rtsv7M4_T_le_v4SPD16_eabi.lib
       memcpy_t2.asm.obj              156     0         0      
       memset_t2.asm.obj              122     0         0      
       copy_decompress_lzss.c.obj     104     0         0      
       autoinit.c.obj                 68      0         0      
       boot_cortex_m.c.obj            52      0         0      
       copy_decompress_none.c.obj     14      0         0      
       copy_zero_init.c.obj           12      0         0      
       exit.c.obj                     4       0         0      
       pre_init.c.obj                 4       0         0      
    +--+------------------------------+-------+---------+---------+
       Total:                         536     0         0      
                                                               
       Stack:                         0       0         2048   
       Linker Generated:              0       71        0      
    +--+------------------------------+-------+---------+---------+
       Grand Total:                   13258   691       31769  


LINKER GENERATED COPY TABLES

__TI_cinit_table @ 00003668 records: 3, size/record: 8, table size: 24
	.data: load addr=00003638, load size=00000013 bytes, run addr=20000bf4, run size=00000028 bytes, compression=lzss
	.bss: load addr=00003658, load size=00000008 bytes, run addr=20000800, run size=000003f1 bytes, compression=zero_init
	.heap: load addr=00003660, load size=00000008 bytes, run addr=20001000, run size=00007000 bytes, compression=zero_init


LINKER GENERATED HANDLER TABLE

__TI_handler_table @ 0000364c records: 3, size/record: 4, table size: 12
	index: 0, handler: __TI_decompress_lzss
	index: 1, handler: __TI_decompress_none
	index: 2, handler: __TI_zero_init


GLOBAL SYMBOLS: SORTED ALPHABETICALLY BY Name 

address   name                          
-------   ----                          
00003635  C$$EXIT                       
000021dd  IntegerToString               
20000c0c  N                             
00003627  ResetISR                      
20000800  __STACK_END                   
00000800  __STACK_SIZE                  
20000200  __STACK_TOP                   
00003668  __TI_CINIT_Base               
00003680  __TI_CINIT_Limit              
0000364c  __TI_Handler_Table_Base       
00003658  __TI_Handler_Table_Limit      
00003571  __TI_auto_init_nobinit_nopinit
000034b7  __TI_decompress_lzss          
0000360d  __TI_decompress_none          
ffffffff  __TI_pprof_out_hndl           
ffffffff  __TI_prof_data_size           
ffffffff  __TI_prof_data_start          
00000000  __TI_static_base__            
0000361b  __TI_zero_init                
0000343d  __aeabi_memclr                
0000343d  __aeabi_memclr4               
0000343d  __aeabi_memclr8               
000033a1  __aeabi_memcpy                
000033a1  __aeabi_memcpy4               
000033a1  __aeabi_memcpy8               
0000343f  __aeabi_memset                
0000343f  __aeabi_memset4               
0000343f  __aeabi_memset8               
ffffffff  __binit__                     
ffffffff  __c_args__                    
UNDEFED   __mpu_init                    
20000000  __stack                       
20000000  __start___llvm_prf_cnts       
20000000  __stop___llvm_prf_cnts        
000035b5  _c_int00_noargs               
UNDEFED   _system_post_cinit            
00003631  _system_pre_init              
00003635  abort                         
000023a9  alpha                         
ffffffff  binit                         
00001d33  busFaultIsr                   
00002681  compare                       
00001f75  copy                          
20000c13  count                         
00000599  createSemaphore               
00000413  createThread                  
000028ad  debounce                      
0000056d  destroyThread                 
000028ff  errant                        
20000bfc  final_time                    
00002799  flash4Hz                      
00000000  g_pfnVectors                  
000025f1  getFieldInteger               
000025b1  getFieldString                
00001fd5  getLength                     
0000356b  getMSP                        
00003565  getPSP                        
00002001  getSVCNumber                  
00003325  getcUart0                     
00002325  getsUart0                     
00001cc9  hardFaultIsr                  
20000c14  heap                          
00002267  hex2int                       
0000277d  idle                          
0000291d  important                     
00001d8d  initHw                        
0000026d  initRtos                      
0000321d  initUart0                     
20000bf8  initial_time                  
00002711  ipcs                          
000026c7  isCommand                     
20000c08  j                             
00003341  kbhitUart0                    
0000271d  kill                          
20000bac  last_searched_task            
000027db  lengthyFn                     
00002f61  main                          
000033a1  memcpy                        
00003445  memset                        
0000276f  mpu                           
00001b41  mpuFaultIsr                   
20000c12  mpu_mode                      
20001000  mystack                       
000023db  numeric                       
000027ad  oneshot                       
00002415  parseFields                   
000027cb  partOfLengthyFn               
00000ba9  pendSvIsr                     
00002729  pi                            
20000c11  pi_mode                       
00002753  pidof                         
00000a5b  post                          
00002737  preempt                       
20000c10  preempt_mode                  
20000c18  priority_num                  
00003533  privilegedmode                
0000275f  proc_name                     
00002705  ps                            
000032dd  putcUart0                     
000032f9  putsUart0                     
00002821  readKeys                      
00001edb  readPbs                       
0000276b  reboot                        
0000055b  restartThread                 
000002bb  rtosScheduler                 
20000c1a  run_task                      
00002745  sched                         
20000bf0  sched_mode                    
20000bf4  semaphoreCount                
20000ad0  semaphores                    
0000354f  setASP                        
00003541  setPSP                        
0000057d  setThreadPriority             
000032b1  setUart0BaudRate              
0000295d  shell                         
00000a41  sleep                         
00000621  startRtos                     
00001009  svCallIsr                     
00000a69  systickIsr                    
20000bf6  taskCount                     
20000bf5  taskCurrent                   
20000800  tcb                           
20000bec  time_difference               
20000c00  total_time                    
20000c04  total_time_temp               
00002131  uint32_tToHex                 
00002075  uint32_tToHex1                
000028ef  uncooperative                 
00001d55  usageFaultIsr                 
00003525  usermode                      
00000a4d  wait                          
000035e9  waitMicrosecond               
00000a3d  yield                         


GLOBAL SYMBOLS: SORTED BY Symbol Address 

address   name                          
-------   ----                          
00000000  __TI_static_base__            
00000000  g_pfnVectors                  
0000026d  initRtos                      
000002bb  rtosScheduler                 
00000413  createThread                  
0000055b  restartThread                 
0000056d  destroyThread                 
0000057d  setThreadPriority             
00000599  createSemaphore               
00000621  startRtos                     
00000800  __STACK_SIZE                  
00000a3d  yield                         
00000a41  sleep                         
00000a4d  wait                          
00000a5b  post                          
00000a69  systickIsr                    
00000ba9  pendSvIsr                     
00001009  svCallIsr                     
00001b41  mpuFaultIsr                   
00001cc9  hardFaultIsr                  
00001d33  busFaultIsr                   
00001d55  usageFaultIsr                 
00001d8d  initHw                        
00001edb  readPbs                       
00001f75  copy                          
00001fd5  getLength                     
00002001  getSVCNumber                  
00002075  uint32_tToHex1                
00002131  uint32_tToHex                 
000021dd  IntegerToString               
00002267  hex2int                       
00002325  getsUart0                     
000023a9  alpha                         
000023db  numeric                       
00002415  parseFields                   
000025b1  getFieldString                
000025f1  getFieldInteger               
00002681  compare                       
000026c7  isCommand                     
00002705  ps                            
00002711  ipcs                          
0000271d  kill                          
00002729  pi                            
00002737  preempt                       
00002745  sched                         
00002753  pidof                         
0000275f  proc_name                     
0000276b  reboot                        
0000276f  mpu                           
0000277d  idle                          
00002799  flash4Hz                      
000027ad  oneshot                       
000027cb  partOfLengthyFn               
000027db  lengthyFn                     
00002821  readKeys                      
000028ad  debounce                      
000028ef  uncooperative                 
000028ff  errant                        
0000291d  important                     
0000295d  shell                         
00002f61  main                          
0000321d  initUart0                     
000032b1  setUart0BaudRate              
000032dd  putcUart0                     
000032f9  putsUart0                     
00003325  getcUart0                     
00003341  kbhitUart0                    
000033a1  __aeabi_memcpy                
000033a1  __aeabi_memcpy4               
000033a1  __aeabi_memcpy8               
000033a1  memcpy                        
0000343d  __aeabi_memclr                
0000343d  __aeabi_memclr4               
0000343d  __aeabi_memclr8               
0000343f  __aeabi_memset                
0000343f  __aeabi_memset4               
0000343f  __aeabi_memset8               
00003445  memset                        
000034b7  __TI_decompress_lzss          
00003525  usermode                      
00003533  privilegedmode                
00003541  setPSP                        
0000354f  setASP                        
00003565  getPSP                        
0000356b  getMSP                        
00003571  __TI_auto_init_nobinit_nopinit
000035b5  _c_int00_noargs               
000035e9  waitMicrosecond               
0000360d  __TI_decompress_none          
0000361b  __TI_zero_init                
00003627  ResetISR                      
00003631  _system_pre_init              
00003635  C$$EXIT                       
00003635  abort                         
0000364c  __TI_Handler_Table_Base       
00003658  __TI_Handler_Table_Limit      
00003668  __TI_CINIT_Base               
00003680  __TI_CINIT_Limit              
20000000  __stack                       
20000000  __start___llvm_prf_cnts       
20000000  __stop___llvm_prf_cnts        
20000200  __STACK_TOP                   
20000800  __STACK_END                   
20000800  tcb                           
20000ad0  semaphores                    
20000bac  last_searched_task            
20000bec  time_difference               
20000bf0  sched_mode                    
20000bf4  semaphoreCount                
20000bf5  taskCurrent                   
20000bf6  taskCount                     
20000bf8  initial_time                  
20000bfc  final_time                    
20000c00  total_time                    
20000c04  total_time_temp               
20000c08  j                             
20000c0c  N                             
20000c10  preempt_mode                  
20000c11  pi_mode                       
20000c12  mpu_mode                      
20000c13  count                         
20000c14  heap                          
20000c18  priority_num                  
20000c1a  run_task                      
20001000  mystack                       
ffffffff  __TI_pprof_out_hndl           
ffffffff  __TI_prof_data_size           
ffffffff  __TI_prof_data_start          
ffffffff  __binit__                     
ffffffff  __c_args__                    
ffffffff  binit                         
UNDEFED   __mpu_init                    
UNDEFED   _system_post_cinit            

[133 symbols]
