******************************************************************************
                  TI ARM Linker Unix v18.12.5                  
******************************************************************************
>> Linked Wed Nov 11 14:48:33 2020

OUTPUT FILE NAME:   <RTOS.out>
ENTRY POINT SYMBOL: "_c_int00_noargs"  address: 00002d1d


MEMORY CONFIGURATION

         name            origin    length      used     unused   attr    fill
----------------------  --------  ---------  --------  --------  ----  --------
  FLASH                 00000000   00040000  00002fb5  0003d04b  R  X
  SRAM                  20000000   00008000  00007a9c  00000564  RW X


SEGMENT ALLOCATION MAP

run origin  load origin   length   init length attrs members
----------  ----------- ---------- ----------- ----- -------
00000000    00000000    00002fb8   00002fb8    r-x
  00000000    00000000    0000026c   0000026c    r-- .intvecs
  0000026c    0000026c    00002c00   00002c00    r-x .text
  00002e6c    00002e6c    00000101   00000101    r-- .const
  00002f70    00002f70    00000048   00000048    r-- .cinit
20000000    20000000    00000a9c   00000000    rw-
  20000000    20000000    00000800   00000000    rw- .stack
  20000800    20000800    0000028c   00000000    rw- .bss
  20000a8c    20000a8c    00000010   00000000    rw- .data
20001000    20001000    00007000   00000000    rw-
  20001000    20001000    00007000   00000000    rw- .heap


SECTION ALLOCATION MAP

 output                                  attributes/
section   page    origin      length       input sections
--------  ----  ----------  ----------   ----------------
.intvecs   0    00000000    0000026c     
                  00000000    0000026c     tm4c123gh6pm_startup_ccs.obj (.intvecs)

.text      0    0000026c    00002c00     
                  0000026c    00000c00     rtos.obj (.text)
                  00000e6c    00000a4e     rtsv7M4_T_le_v4SPD16_eabi.lib : _printfi.c.obj (.text:__TI_printfi)
                  000018ba    00000002                                   : div0.asm.obj (.text)
                  000018bc    00000270                                   : _printfi.c.obj (.text:_pconv_a)
                  00001b2c    000001d0                                   : _printfi.c.obj (.text:_pconv_g)
                  00001cfc    000001b6                                   : fd_add_t2.asm.obj (.text)
                  00001eb2    00000002     --HOLE-- [fill = 0]
                  00001eb4    0000017c     uart0.obj (.text)
                  00002030    0000013c     rtsv7M4_T_le_v4SPD16_eabi.lib : _printfi.c.obj (.text:_pconv_e)
                  0000216c    00000136                                   : fd_div_t2.asm.obj (.text)
                  000022a2    00000002     --HOLE-- [fill = 0]
                  000022a4    00000124                                   : _printfi.c.obj (.text:fcvt)
                  000023c8    00000110                                   : s_scalbn.c.obj (.text:scalbn)
                  000024d8    000000fc                                   : fd_mul_t2.asm.obj (.text)
                  000025d4    000000b1                                   : _printfi.c.obj (.text:_ltostr)
                  00002685    00000001     --HOLE-- [fill = 0]
                  00002686    0000009c                                   : memcpy_t2.asm.obj (.text)
                  00002722    00000096                                   : ull_div_t2.asm.obj (.text)
                  000027b8    00000086                                   : fd_cmp_t2.asm.obj (.text:__aeabi_cdcmple)
                  0000283e    00000086                                   : fd_cmp_t2.asm.obj (.text:__aeabi_cdrcmple)
                  000028c4    0000007a                                   : memset_t2.asm.obj (.text)
                  0000293e    0000006e                                   : _printfi.c.obj (.text:_mcpy)
                  000029ac    00000068                                   : copy_decompress_lzss.c.obj (.text:decompress:lzss:__TI_decompress_lzss)
                  00002a14    00000064                                   : s_frexp.c.obj (.text:frexp)
                  00002a78    00000056                                   : _printfi.c.obj (.text:_pconv_f)
                  00002ace    00000054                                   : ltoa.c.obj (.text:ltoa)
                  00002b22    00000052                                   : _printfi.c.obj (.text:_ecpy)
                  00002b74    00000050     rtos_s.obj (.text)
                  00002bc4    0000004c     rtsv7M4_T_le_v4SPD16_eabi.lib : atoi.c.obj (.text:atoi)
                  00002c10    00000048                                   : fd_toi_t2.asm.obj (.text)
                  00002c58    00000044                                   : autoinit.c.obj (.text:__TI_auto_init_nobinit_nopinit:__TI_auto_init_nobinit_nopinit)
                  00002c9c    00000040                                   : sprintf.c.obj (.text:sprintf)
                  00002cdc    0000003e                                   : _printfi.c.obj (.text:_fcpy)
                  00002d1a    00000002     --HOLE-- [fill = 0]
                  00002d1c    00000034                                   : boot_cortex_m.c.obj (.text:_c_int00_noargs:_c_int00_noargs)
                  00002d50    0000002e                                   : i_tofd_t2.asm.obj (.text)
                  00002d7e    00000024     wait.obj (.text)
                  00002da2    0000001c     rtsv7M4_T_le_v4SPD16_eabi.lib : memccpy.c.obj (.text:memccpy)
                  00002dbe    0000001a                                   : s_copysign.c.obj (.text:copysign)
                  00002dd8    00000018                                   : sprintf.c.obj (.text:_outs)
                  00002df0    00000016                                   : strchr.c.obj (.text:strchr)
                  00002e06    00000014                                   : strlen.c.obj (.text:strlen)
                  00002e1a    00000012                                   : wcslen.c.obj (.text:wcslen)
                  00002e2c    0000000e                                   : copy_decompress_none.c.obj (.text:decompress:none:__TI_decompress_none)
                  00002e3a    0000000c                                   : copy_zero_init.c.obj (.text:decompress:ZI:__TI_zero_init)
                  00002e46    0000000c     tm4c123gh6pm_startup_ccs.obj (.text)
                  00002e52    0000000a     rtsv7M4_T_le_v4SPD16_eabi.lib : sprintf.c.obj (.text:_outc)
                  00002e5c    00000008                                   : errno.c.obj (.text:__aeabi_errno_addr)
                  00002e64    00000004                                   : pre_init.c.obj (.text:_system_pre_init)
                  00002e68    00000004                                   : exit.c.obj (.text:abort:abort)

.const     0    00002e6c    00000101     
                  00002e6c    00000101     rtsv7M4_T_le_v4SPD16_eabi.lib : ctype.c.obj (.const:.string:_ctypes_)

.cinit     0    00002f70    00000048     
                  00002f70    00000012     (.cinit..data.load) [load image, compression = lzss]
                  00002f82    00000002     --HOLE-- [fill = 0]
                  00002f84    0000000c     (__TI_handler_table)
                  00002f90    00000008     (.cinit..bss.load) [load image, compression = zero_init]
                  00002f98    00000008     (.cinit..heap.load) [load image, compression = zero_init]
                  00002fa0    00000018     (__TI_cinit_table)

.init_array 
*          0    00000000    00000000     UNINITIALIZED

.bss       0    20000800    0000028c     UNINITIALIZED
                  20000800    00000210     (.common:tcb)
                  20000a10    00000078     (.common:semaphores)
                  20000a88    00000001     (.common:flashReq)
                  20000a89    00000001     (.common:keyPressed)
                  20000a8a    00000001     (.common:keyReleased)
                  20000a8b    00000001     (.common:resource)

.data      0    20000a8c    00000010     UNINITIALIZED
                  20000a8c    00000009     rtos.obj (.data)
                  20000a95    00000003     --HOLE--
                  20000a98    00000004     rtsv7M4_T_le_v4SPD16_eabi.lib : errno.c.obj (.data)

.stack     0    20000000    00000800     UNINITIALIZED
                  20000000    00000004     rtsv7M4_T_le_v4SPD16_eabi.lib : boot_cortex_m.c.obj (.stack)
                  20000004    000007fc     --HOLE--

.heap      0    20001000    00007000     UNINITIALIZED
                  20001000    00007000     rtos.obj (.heap)

MODULE SUMMARY

       Module                         code    ro data   rw data
       ------                         ----    -------   -------
    ./
       rtos.obj                       3072    0         29333  
       tm4c123gh6pm_startup_ccs.obj   12      620       0      
       uart0.obj                      380     0         0      
       rtos_s.obj                     80      0         0      
       wait.obj                       36      0         0      
    +--+------------------------------+-------+---------+---------+
       Total:                         3580    620       29333  
                                                               
    /Applications/ti/ccs930/ccs/tools/compiler/ti-cgt-arm_18.12.5.LTS/lib/rtsv7M4_T_le_v4SPD16_eabi.lib
       _printfi.c.obj                 4851    0         0      
       fd_add_t2.asm.obj              438     0         0      
       fd_div_t2.asm.obj              310     0         0      
       s_scalbn.c.obj                 272     0         0      
       fd_cmp_t2.asm.obj              268     0         0      
       ctype.c.obj                    0       257       0      
       fd_mul_t2.asm.obj              252     0         0      
       memcpy_t2.asm.obj              156     0         0      
       ull_div_t2.asm.obj             150     0         0      
       memset_t2.asm.obj              122     0         0      
       copy_decompress_lzss.c.obj     104     0         0      
       s_frexp.c.obj                  100     0         0      
       sprintf.c.obj                  98      0         0      
       ltoa.c.obj                     84      0         0      
       atoi.c.obj                     76      0         0      
       fd_toi_t2.asm.obj              72      0         0      
       autoinit.c.obj                 68      0         0      
       boot_cortex_m.c.obj            52      0         0      
       i_tofd_t2.asm.obj              46      0         0      
       memccpy.c.obj                  28      0         0      
       s_copysign.c.obj               26      0         0      
       strchr.c.obj                   22      0         0      
       strlen.c.obj                   20      0         0      
       wcslen.c.obj                   18      0         0      
       copy_decompress_none.c.obj     14      0         0      
       copy_zero_init.c.obj           12      0         0      
       errno.c.obj                    8       0         4      
       exit.c.obj                     4       0         0      
       pre_init.c.obj                 4       0         0      
       div0.asm.obj                   2       0         0      
    +--+------------------------------+-------+---------+---------+
       Total:                         7677    257       4      
                                                               
       Stack:                         0       0         2048   
       Linker Generated:              0       70        0      
    +--+------------------------------+-------+---------+---------+
       Grand Total:                   11257   947       31385  


LINKER GENERATED COPY TABLES

__TI_cinit_table @ 00002fa0 records: 3, size/record: 8, table size: 24
	.data: load addr=00002f70, load size=00000012 bytes, run addr=20000a8c, run size=00000010 bytes, compression=lzss
	.bss: load addr=00002f90, load size=00000008 bytes, run addr=20000800, run size=0000028c bytes, compression=zero_init
	.heap: load addr=00002f98, load size=00000008 bytes, run addr=20001000, run size=00007000 bytes, compression=zero_init


LINKER GENERATED HANDLER TABLE

__TI_handler_table @ 00002f84 records: 3, size/record: 4, table size: 12
	index: 0, handler: __TI_decompress_lzss
	index: 1, handler: __TI_decompress_none
	index: 2, handler: __TI_zero_init


GLOBAL SYMBOLS: SORTED ALPHABETICALLY BY Name 

address   name                          
-------   ----                          
00002e69  C$$EXIT                       
00002e47  ResetISR                      
20000800  __STACK_END                   
00000800  __STACK_SIZE                  
20000200  __STACK_TOP                   
00002fa0  __TI_CINIT_Base               
00002fb8  __TI_CINIT_Limit              
00002f84  __TI_Handler_Table_Base       
00002f90  __TI_Handler_Table_Limit      
00002c59  __TI_auto_init_nobinit_nopinit
000029ad  __TI_decompress_lzss          
00002e2d  __TI_decompress_none          
ffffffff  __TI_pprof_out_hndl           
00000e6d  __TI_printfi                  
ffffffff  __TI_prof_data_size           
ffffffff  __TI_prof_data_start          
00000000  __TI_static_base__            
00002e3b  __TI_zero_init                
000027b9  __aeabi_cdcmpeq               
000027b9  __aeabi_cdcmple               
0000283f  __aeabi_cdrcmple              
00002c11  __aeabi_d2iz                  
00001d07  __aeabi_dadd                  
0000216d  __aeabi_ddiv                  
000024d9  __aeabi_dmul                  
00001cfd  __aeabi_dsub                  
00002e5d  __aeabi_errno_addr            
00002d51  __aeabi_i2d                   
000018bb  __aeabi_idiv0                 
000018bb  __aeabi_ldiv0                 
000028c5  __aeabi_memclr                
000028c5  __aeabi_memclr4               
000028c5  __aeabi_memclr8               
00002687  __aeabi_memcpy                
00002687  __aeabi_memcpy4               
00002687  __aeabi_memcpy8               
000028c7  __aeabi_memset                
000028c7  __aeabi_memset4               
000028c7  __aeabi_memset8               
00002723  __aeabi_uldivmod              
ffffffff  __binit__                     
ffffffff  __c_args__                    
UNDEFED   __mpu_init                    
20000000  __stack                       
00002d1d  _c_int00_noargs               
00002e6c  _ctypes_                      
UNDEFED   _system_post_cinit            
00002e65  _system_pre_init              
00002e69  abort                         
00002bc5  atoi                          
ffffffff  binit                         
0000096f  busFaultIsr                   
00000a87  copy                          
00002dbf  copysign                      
00002dbf  copysignl                     
000004f7  createSemaphore               
0000031d  createThread                  
00000c59  debounce                      
000004df  destroyThread                 
00000cdd  errant                        
20000a98  errno                         
00000b09  flash4Hz                      
20000a88  flashReq                      
00002a15  frexp                         
00002a15  frexpl                        
00000000  g_pfnVectors                  
00002bbf  getMSP                        
00002bb9  getPSP                        
00000ad1  getSVCNumber                  
00001fbd  getcUart0                     
0000096d  hardFaultIsr                  
20000a90  heap                          
00000ae7  idle                          
00000d11  important                     
00000973  initHw                        
0000026d  initRtos                      
00001eb5  initUart0                     
00001fd1  kbhitUart0                    
20000a89  keyPressed                    
20000a8a  keyReleased                   
000023c9  ldexp                         
000023c9  ldexpl                        
00000b69  lengthyFn                     
00002acf  ltoa                          
00000d59  main                          
00002da3  memccpy                       
00002687  memcpy                        
000028cd  memset                        
0000096b  mpuFaultIsr                   
20001000  mystack                       
00000b29  oneshot                       
00000b4b  partOfLengthyFn               
00000651  pendSvIsr                     
000005b3  post                          
00002b87  privilegedmode                
00001f75  putcUart0                     
00001f91  putsUart0                     
00000bc1  readKeys                      
00000a15  readPbs                       
20000a8b  resource                      
000004d5  restartThread                 
000002bb  rtosScheduler                 
000023c9  scalbn                        
000023c9  scalbnl                       
20000a8c  semaphoreCount                
20000a10  semaphores                    
00002ba3  setASP                        
00002b95  setPSP                        
000004e9  setThreadPriority             
00001f49  setUart0BaudRate              
00000d3d  shell                         
00000599  sleep                         
00002c9d  sprintf                       
00000541  startRtos                     
00002df1  strchr                        
00002e07  strlen                        
00000785  svCallIsr                     
000005c5  systickIsr                    
20000a8e  taskCount                     
20000a8d  taskCurrent                   
20000800  tcb                           
00000cb5  uncooperative                 
00000971  usageFaultIsr                 
00002b79  usermode                      
000005a5  wait                          
00002d7f  waitMicrosecond               
00002e1b  wcslen                        
00000591  yield                         


GLOBAL SYMBOLS: SORTED BY Symbol Address 

address   name                          
-------   ----                          
00000000  __TI_static_base__            
00000000  g_pfnVectors                  
0000026d  initRtos                      
000002bb  rtosScheduler                 
0000031d  createThread                  
000004d5  restartThread                 
000004df  destroyThread                 
000004e9  setThreadPriority             
000004f7  createSemaphore               
00000541  startRtos                     
00000591  yield                         
00000599  sleep                         
000005a5  wait                          
000005b3  post                          
000005c5  systickIsr                    
00000651  pendSvIsr                     
00000785  svCallIsr                     
00000800  __STACK_SIZE                  
0000096b  mpuFaultIsr                   
0000096d  hardFaultIsr                  
0000096f  busFaultIsr                   
00000971  usageFaultIsr                 
00000973  initHw                        
00000a15  readPbs                       
00000a87  copy                          
00000ad1  getSVCNumber                  
00000ae7  idle                          
00000b09  flash4Hz                      
00000b29  oneshot                       
00000b4b  partOfLengthyFn               
00000b69  lengthyFn                     
00000bc1  readKeys                      
00000c59  debounce                      
00000cb5  uncooperative                 
00000cdd  errant                        
00000d11  important                     
00000d3d  shell                         
00000d59  main                          
00000e6d  __TI_printfi                  
000018bb  __aeabi_idiv0                 
000018bb  __aeabi_ldiv0                 
00001cfd  __aeabi_dsub                  
00001d07  __aeabi_dadd                  
00001eb5  initUart0                     
00001f49  setUart0BaudRate              
00001f75  putcUart0                     
00001f91  putsUart0                     
00001fbd  getcUart0                     
00001fd1  kbhitUart0                    
0000216d  __aeabi_ddiv                  
000023c9  ldexp                         
000023c9  ldexpl                        
000023c9  scalbn                        
000023c9  scalbnl                       
000024d9  __aeabi_dmul                  
00002687  __aeabi_memcpy                
00002687  __aeabi_memcpy4               
00002687  __aeabi_memcpy8               
00002687  memcpy                        
00002723  __aeabi_uldivmod              
000027b9  __aeabi_cdcmpeq               
000027b9  __aeabi_cdcmple               
0000283f  __aeabi_cdrcmple              
000028c5  __aeabi_memclr                
000028c5  __aeabi_memclr4               
000028c5  __aeabi_memclr8               
000028c7  __aeabi_memset                
000028c7  __aeabi_memset4               
000028c7  __aeabi_memset8               
000028cd  memset                        
000029ad  __TI_decompress_lzss          
00002a15  frexp                         
00002a15  frexpl                        
00002acf  ltoa                          
00002b79  usermode                      
00002b87  privilegedmode                
00002b95  setPSP                        
00002ba3  setASP                        
00002bb9  getPSP                        
00002bbf  getMSP                        
00002bc5  atoi                          
00002c11  __aeabi_d2iz                  
00002c59  __TI_auto_init_nobinit_nopinit
00002c9d  sprintf                       
00002d1d  _c_int00_noargs               
00002d51  __aeabi_i2d                   
00002d7f  waitMicrosecond               
00002da3  memccpy                       
00002dbf  copysign                      
00002dbf  copysignl                     
00002df1  strchr                        
00002e07  strlen                        
00002e1b  wcslen                        
00002e2d  __TI_decompress_none          
00002e3b  __TI_zero_init                
00002e47  ResetISR                      
00002e5d  __aeabi_errno_addr            
00002e65  _system_pre_init              
00002e69  C$$EXIT                       
00002e69  abort                         
00002e6c  _ctypes_                      
00002f84  __TI_Handler_Table_Base       
00002f90  __TI_Handler_Table_Limit      
00002fa0  __TI_CINIT_Base               
00002fb8  __TI_CINIT_Limit              
20000000  __stack                       
20000200  __STACK_TOP                   
20000800  __STACK_END                   
20000800  tcb                           
20000a10  semaphores                    
20000a88  flashReq                      
20000a89  keyPressed                    
20000a8a  keyReleased                   
20000a8b  resource                      
20000a8c  semaphoreCount                
20000a8d  taskCurrent                   
20000a8e  taskCount                     
20000a90  heap                          
20000a98  errno                         
20001000  mystack                       
ffffffff  __TI_pprof_out_hndl           
ffffffff  __TI_prof_data_size           
ffffffff  __TI_prof_data_start          
ffffffff  __binit__                     
ffffffff  __c_args__                    
ffffffff  binit                         
UNDEFED   __mpu_init                    
UNDEFED   _system_post_cinit            

[128 symbols]
