******************************************************************************
                  TI ARM Linker Unix v20.2.1                   
******************************************************************************
>> Linked Mon Nov 23 02:32:23 2020

OUTPUT FILE NAME:   <RTOS.out>
ENTRY POINT SYMBOL: "_c_int00_noargs"  address: 000023dd


MEMORY CONFIGURATION

         name            origin    length      used     unused   attr    fill
----------------------  --------  ---------  --------  --------  ----  --------
  FLASH                 00000000   00040000  000024aa  0003db56  R  X
  SRAM                  20000000   00008000  00007c08  000003f8  RW X


SEGMENT ALLOCATION MAP

run origin  load origin   length   init length attrs members
----------  ----------- ---------- ----------- ----- -------
00000000    00000000    000024b0   000024b0    r-x
  00000000    00000000    0000026c   0000026c    r-- .intvecs
  0000026c    0000026c    000021f6   000021f6    r-x .text
  00002468    00002468    00000048   00000048    r-- .cinit
20000000    20000000    00000c08   00000000    rw-
  20000000    20000000    00000800   00000000    rw- .stack
  20000800    20000800    000003e4   00000000    rw- .bss
  20000be4    20000be4    00000024   00000000    rw- .data
20001000    20001000    00007000   00000000    rw-
  20001000    20001000    00007000   00000000    rw- .heap


SECTION ALLOCATION MAP

 output                                  attributes/
section   page    origin      length       input sections
--------  ----  ----------  ----------   ----------------
.intvecs   0    00000000    0000026c     
                  00000000    0000026c     tm4c123gh6pm_startup_ccs.obj (.intvecs)

.text      0    0000026c    000021f6     
                  0000026c    00001dd8     rtos.obj (.text)
                  00002044    00000184     uart0.obj (.text)
                  000021c8    0000009c     rtsv7M4_T_le_v4SPD16_eabi.lib : memcpy_t2.asm.obj (.text)
                  00002264    0000007a                                   : memset_t2.asm.obj (.text)
                  000022de    00000068                                   : copy_decompress_lzss.c.obj (.text:decompress:lzss:__TI_decompress_lzss)
                  00002346    00000002     --HOLE-- [fill = 0]
                  00002348    00000050     rtos_s.obj (.text)
                  00002398    00000044     rtsv7M4_T_le_v4SPD16_eabi.lib : autoinit.c.obj (.text:__TI_auto_init_nobinit_nopinit:__TI_auto_init_nobinit_nopinit)
                  000023dc    00000034                                   : boot_cortex_m.c.obj (.text:_c_int00_noargs:_c_int00_noargs)
                  00002410    00000024     wait.obj (.text)
                  00002434    0000000e     rtsv7M4_T_le_v4SPD16_eabi.lib : copy_decompress_none.c.obj (.text:decompress:none:__TI_decompress_none)
                  00002442    0000000c                                   : copy_zero_init.c.obj (.text:decompress:ZI:__TI_zero_init)
                  0000244e    0000000c     tm4c123gh6pm_startup_ccs.obj (.text)
                  0000245a    00000004     rtsv7M4_T_le_v4SPD16_eabi.lib : pre_init.c.obj (.text:_system_pre_init)
                  0000245e    00000004                                   : exit.c.obj (.text:abort:abort)

.cinit     0    00002468    00000048     
                  00002468    00000014     (.cinit..data.load) [load image, compression = lzss]
                  0000247c    0000000c     (__TI_handler_table)
                  00002488    00000008     (.cinit..bss.load) [load image, compression = zero_init]
                  00002490    00000008     (.cinit..heap.load) [load image, compression = zero_init]
                  00002498    00000018     (__TI_cinit_table)

.init_array 
*          0    00000000    00000000     UNINITIALIZED

.bss       0    20000800    000003e4     UNINITIALIZED
                  20000800    000002a0     (.common:tcb)
                  20000aa0    000000dc     (.common:semaphores)
                  20000b7c    00000040     (.common:last_searched_task)
                  20000bbc    00000020     (.common:myshell)
                  20000bdc    00000004     (.common:time_difference)
                  20000be0    00000001     (.common:flashReq)
                  20000be1    00000001     (.common:keyPressed)
                  20000be2    00000001     (.common:keyReleased)
                  20000be3    00000001     (.common:resource)

.data      0    20000be4    00000024     UNINITIALIZED
                  20000be4    00000024     rtos.obj (.data)

.stack     0    20000000    00000800     UNINITIALIZED
                  20000000    00000004     rtsv7M4_T_le_v4SPD16_eabi.lib : boot_cortex_m.c.obj (.stack)
                  20000004    000007fc     --HOLE--

.heap      0    20001000    00007000     UNINITIALIZED
                  20001000    00007000     rtos.obj (.heap)

__llvm_prf_cnts 
*          0    20000000    00000000     UNINITIALIZED

MODULE SUMMARY

       Module                         code   ro data   rw data
       ------                         ----   -------   -------
    ./
       rtos.obj                       7640   0         29704  
       tm4c123gh6pm_startup_ccs.obj   12     620       0      
       uart0.obj                      388    0         0      
       rtos_s.obj                     80     0         0      
       wait.obj                       36     0         0      
    +--+------------------------------+------+---------+---------+
       Total:                         8156   620       29704  
                                                              
    /Applications/ti/ccs/tools/compiler/ti-cgt-arm_20.2.1.LTS/lib/rtsv7M4_T_le_v4SPD16_eabi.lib
       memcpy_t2.asm.obj              156    0         0      
       memset_t2.asm.obj              122    0         0      
       copy_decompress_lzss.c.obj     104    0         0      
       autoinit.c.obj                 68     0         0      
       boot_cortex_m.c.obj            52     0         0      
       copy_decompress_none.c.obj     14     0         0      
       copy_zero_init.c.obj           12     0         0      
       exit.c.obj                     4      0         0      
       pre_init.c.obj                 4      0         0      
    +--+------------------------------+------+---------+---------+
       Total:                         536    0         0      
                                                              
       Stack:                         0      0         2048   
       Linker Generated:              0      72        0      
    +--+------------------------------+------+---------+---------+
       Grand Total:                   8692   692       31752  


LINKER GENERATED COPY TABLES

__TI_cinit_table @ 00002498 records: 3, size/record: 8, table size: 24
	.data: load addr=00002468, load size=00000014 bytes, run addr=20000be4, run size=00000024 bytes, compression=lzss
	.bss: load addr=00002488, load size=00000008 bytes, run addr=20000800, run size=000003e4 bytes, compression=zero_init
	.heap: load addr=00002490, load size=00000008 bytes, run addr=20001000, run size=00007000 bytes, compression=zero_init


LINKER GENERATED HANDLER TABLE

__TI_handler_table @ 0000247c records: 3, size/record: 4, table size: 12
	index: 0, handler: __TI_decompress_lzss
	index: 1, handler: __TI_decompress_none
	index: 2, handler: __TI_zero_init


GLOBAL SYMBOLS: SORTED ALPHABETICALLY BY Name 

address   name                          
-------   ----                          
0000245f  C$$EXIT                       
0000137d  IntegerToString               
20000bfc  N                             
0000244f  ResetISR                      
00001445  StringToInteger               
20000800  __STACK_END                   
00000800  __STACK_SIZE                  
20000200  __STACK_TOP                   
00002498  __TI_CINIT_Base               
000024b0  __TI_CINIT_Limit              
0000247c  __TI_Handler_Table_Base       
00002488  __TI_Handler_Table_Limit      
00002399  __TI_auto_init_nobinit_nopinit
000022df  __TI_decompress_lzss          
00002435  __TI_decompress_none          
ffffffff  __TI_pprof_out_hndl           
ffffffff  __TI_prof_data_size           
ffffffff  __TI_prof_data_start          
00000000  __TI_static_base__            
00002443  __TI_zero_init                
00002265  __aeabi_memclr                
00002265  __aeabi_memclr4               
00002265  __aeabi_memclr8               
000021c9  __aeabi_memcpy                
000021c9  __aeabi_memcpy4               
000021c9  __aeabi_memcpy8               
00002267  __aeabi_memset                
00002267  __aeabi_memset4               
00002267  __aeabi_memset8               
ffffffff  __binit__                     
ffffffff  __c_args__                    
UNDEFED   __mpu_init                    
20000000  __stack                       
20000000  __start___llvm_prf_cnts       
20000000  __stop___llvm_prf_cnts        
000023dd  _c_int00_noargs               
UNDEFED   _system_post_cinit            
0000245b  _system_pre_init              
0000245f  abort                         
000015af  alpha                         
ffffffff  binit                         
000010b7  busFaultIsr                   
00001887  compare                       
0000125d  copy                          
00000579  createSemaphore               
00000413  createThread                  
00001abb  debounce                      
0000054d  destroyThread                 
00001b15  errant                        
20000bec  final_time                    
0000198f  flash4Hz                      
20000be0  flashReq                      
00000000  g_pfnVectors                  
000017f7  getFieldInteger               
000017b7  getFieldString                
000012a7  getLength                     
00002393  getMSP                        
0000238d  getPSP                        
000012d3  getSVCNumber                  
0000214d  getcUart0                     
0000152b  getsUart0                     
000010b5  hardFaultIsr                  
20000c00  heap                          
0000149d  hex2int                       
00001973  idle                          
00001b33  important                     
000010f1  initHw                        
0000026d  initRtos                      
00002045  initUart0                     
20000be8  initial_time                  
0000190f  ipcs                          
000018cd  isCommand                     
20000bf8  j                             
00002169  kbhitUart0                    
20000be1  keyPressed                    
20000be2  keyReleased                   
00001913  kill                          
20000b7c  last_searched_task            
000019d5  lengthyFn                     
00001d85  main                          
000021c9  memcpy                        
0000226d  memset                        
00001965  mpu                           
000010a9  mpuFaultIsr                   
20000bbc  myshell                       
20001000  mystack                       
000015e1  numeric                       
000019a3  oneshot                       
0000161b  parseFields                   
000019c5  partOfLengthyFn               
00000791  pendSvIsr                     
0000191f  pi                            
00001949  pidof                         
00000651  post                          
0000192d  preempt                       
20000c04  prio                          
0000235b  privilegedmode                
00001955  proc_name                     
0000190b  ps                            
00002105  putcUart0                     
00002121  putsUart0                     
00001a23  readKeys                      
000011d9  readPbs                       
00001961  reboot                        
20000be3  resource                      
00000543  restartThread                 
000002bb  rtosScheduler                 
20000c06  run_task                      
0000193b  sched                         
20000be4  semaphoreCount                
20000aa0  semaphores                    
00002377  setASP                        
00002369  setPSP                        
00000557  setThreadPriority             
000020d9  setUart0BaudRate              
00001b89  shell                         
00000629  sleep                         
000005d1  startRtos                     
00000959  svCallIsr                     
00000665  systickIsr                    
20000be6  taskCount                     
20000be5  taskCurrent                   
20000800  tcb                           
20000bdc  time_difference               
20000bf0  total_time                    
20000bf4  total_time_temp               
000012f9  uint32_tToHex                 
00001b05  uncooperative                 
000010b9  usageFaultIsr                 
0000234d  usermode                      
0000063d  wait                          
00002411  waitMicrosecond               
00000625  yield                         


GLOBAL SYMBOLS: SORTED BY Symbol Address 

address   name                          
-------   ----                          
00000000  __TI_static_base__            
00000000  g_pfnVectors                  
0000026d  initRtos                      
000002bb  rtosScheduler                 
00000413  createThread                  
00000543  restartThread                 
0000054d  destroyThread                 
00000557  setThreadPriority             
00000579  createSemaphore               
000005d1  startRtos                     
00000625  yield                         
00000629  sleep                         
0000063d  wait                          
00000651  post                          
00000665  systickIsr                    
00000791  pendSvIsr                     
00000800  __STACK_SIZE                  
00000959  svCallIsr                     
000010a9  mpuFaultIsr                   
000010b5  hardFaultIsr                  
000010b7  busFaultIsr                   
000010b9  usageFaultIsr                 
000010f1  initHw                        
000011d9  readPbs                       
0000125d  copy                          
000012a7  getLength                     
000012d3  getSVCNumber                  
000012f9  uint32_tToHex                 
0000137d  IntegerToString               
00001445  StringToInteger               
0000149d  hex2int                       
0000152b  getsUart0                     
000015af  alpha                         
000015e1  numeric                       
0000161b  parseFields                   
000017b7  getFieldString                
000017f7  getFieldInteger               
00001887  compare                       
000018cd  isCommand                     
0000190b  ps                            
0000190f  ipcs                          
00001913  kill                          
0000191f  pi                            
0000192d  preempt                       
0000193b  sched                         
00001949  pidof                         
00001955  proc_name                     
00001961  reboot                        
00001965  mpu                           
00001973  idle                          
0000198f  flash4Hz                      
000019a3  oneshot                       
000019c5  partOfLengthyFn               
000019d5  lengthyFn                     
00001a23  readKeys                      
00001abb  debounce                      
00001b05  uncooperative                 
00001b15  errant                        
00001b33  important                     
00001b89  shell                         
00001d85  main                          
00002045  initUart0                     
000020d9  setUart0BaudRate              
00002105  putcUart0                     
00002121  putsUart0                     
0000214d  getcUart0                     
00002169  kbhitUart0                    
000021c9  __aeabi_memcpy                
000021c9  __aeabi_memcpy4               
000021c9  __aeabi_memcpy8               
000021c9  memcpy                        
00002265  __aeabi_memclr                
00002265  __aeabi_memclr4               
00002265  __aeabi_memclr8               
00002267  __aeabi_memset                
00002267  __aeabi_memset4               
00002267  __aeabi_memset8               
0000226d  memset                        
000022df  __TI_decompress_lzss          
0000234d  usermode                      
0000235b  privilegedmode                
00002369  setPSP                        
00002377  setASP                        
0000238d  getPSP                        
00002393  getMSP                        
00002399  __TI_auto_init_nobinit_nopinit
000023dd  _c_int00_noargs               
00002411  waitMicrosecond               
00002435  __TI_decompress_none          
00002443  __TI_zero_init                
0000244f  ResetISR                      
0000245b  _system_pre_init              
0000245f  C$$EXIT                       
0000245f  abort                         
0000247c  __TI_Handler_Table_Base       
00002488  __TI_Handler_Table_Limit      
00002498  __TI_CINIT_Base               
000024b0  __TI_CINIT_Limit              
20000000  __stack                       
20000000  __start___llvm_prf_cnts       
20000000  __stop___llvm_prf_cnts        
20000200  __STACK_TOP                   
20000800  __STACK_END                   
20000800  tcb                           
20000aa0  semaphores                    
20000b7c  last_searched_task            
20000bbc  myshell                       
20000bdc  time_difference               
20000be0  flashReq                      
20000be1  keyPressed                    
20000be2  keyReleased                   
20000be3  resource                      
20000be4  semaphoreCount                
20000be5  taskCurrent                   
20000be6  taskCount                     
20000be8  initial_time                  
20000bec  final_time                    
20000bf0  total_time                    
20000bf4  total_time_temp               
20000bf8  j                             
20000bfc  N                             
20000c00  heap                          
20000c04  prio                          
20000c06  run_task                      
20001000  mystack                       
ffffffff  __TI_pprof_out_hndl           
ffffffff  __TI_prof_data_size           
ffffffff  __TI_prof_data_start          
ffffffff  __binit__                     
ffffffff  __c_args__                    
ffffffff  binit                         
UNDEFED   __mpu_init                    
UNDEFED   _system_post_cinit            

[133 symbols]
