******************************************************************************
                  TI ARM Linker Unix v20.2.1                   
******************************************************************************
>> Linked Sun Nov 29 13:59:04 2020

OUTPUT FILE NAME:   <RTOS.out>
ENTRY POINT SYMBOL: "_c_int00_noargs"  address: 0000353d


MEMORY CONFIGURATION

         name            origin    length      used     unused   attr    fill
----------------------  --------  ---------  --------  --------  ----  --------
  FLASH                 00000000   00040000  00003608  0003c9f8  R  X
  SRAM                  20000000   00008000  00007c1d  000003e3  RW X


SEGMENT ALLOCATION MAP

run origin  load origin   length   init length attrs members
----------  ----------- ---------- ----------- ----- -------
00000000    00000000    00003608   00003608    r-x
  00000000    00000000    0000026c   0000026c    r-- .intvecs
  0000026c    0000026c    00003354   00003354    r-x .text
  000035c0    000035c0    00000048   00000048    r-- .cinit
20000000    20000000    00000c20   00000000    rw-
  20000000    20000000    00000800   00000000    rw- .stack
  20000800    20000800    000003f5   00000000    rw- .bss
  20000bf8    20000bf8    00000028   00000000    rw- .data
20001000    20001000    00007000   00000000    rw-
  20001000    20001000    00007000   00000000    rw- .heap


SECTION ALLOCATION MAP

 output                                  attributes/
section   page    origin      length       input sections
--------  ----  ----------  ----------   ----------------
.intvecs   0    00000000    0000026c     
                  00000000    0000026c     tm4c123gh6pm_startup_ccs.obj (.intvecs)

.text      0    0000026c    00003354     
                  0000026c    00002f38     rtos.obj (.text)
                  000031a4    00000184     uart0.obj (.text)
                  00003328    0000009c     rtsv7M4_T_le_v4SPD16_eabi.lib : memcpy_t2.asm.obj (.text)
                  000033c4    0000007a                                   : memset_t2.asm.obj (.text)
                  0000343e    00000068                                   : copy_decompress_lzss.c.obj (.text:decompress:lzss:__TI_decompress_lzss)
                  000034a6    00000002     --HOLE-- [fill = 0]
                  000034a8    00000050     rtos_s.obj (.text)
                  000034f8    00000044     rtsv7M4_T_le_v4SPD16_eabi.lib : autoinit.c.obj (.text:__TI_auto_init_nobinit_nopinit:__TI_auto_init_nobinit_nopinit)
                  0000353c    00000034                                   : boot_cortex_m.c.obj (.text:_c_int00_noargs:_c_int00_noargs)
                  00003570    00000024     wait.obj (.text)
                  00003594    0000000e     rtsv7M4_T_le_v4SPD16_eabi.lib : copy_decompress_none.c.obj (.text:decompress:none:__TI_decompress_none)
                  000035a2    0000000c                                   : copy_zero_init.c.obj (.text:decompress:ZI:__TI_zero_init)
                  000035ae    0000000a     tm4c123gh6pm_startup_ccs.obj (.text)
                  000035b8    00000004     rtsv7M4_T_le_v4SPD16_eabi.lib : pre_init.c.obj (.text:_system_pre_init)
                  000035bc    00000004                                   : exit.c.obj (.text:abort:abort)

.cinit     0    000035c0    00000048     
                  000035c0    00000014     (.cinit..data.load) [load image, compression = lzss]
                  000035d4    0000000c     (__TI_handler_table)
                  000035e0    00000008     (.cinit..bss.load) [load image, compression = zero_init]
                  000035e8    00000008     (.cinit..heap.load) [load image, compression = zero_init]
                  000035f0    00000018     (__TI_cinit_table)

.init_array 
*          0    00000000    00000000     UNINITIALIZED

.bss       0    20000800    000003f5     UNINITIALIZED
                  20000800    000002d0     (.common:tcb)
                  20000ad0    000000dc     (.common:semaphores)
                  20000bac    00000040     (.common:last_searched_task)
                  20000bec    00000004     (.common:time_difference)
                  20000bf0    00000001     (.common:flashReq)
                  20000bf1    00000001     (.common:keyPressed)
                  20000bf2    00000001     (.common:keyReleased)
                  20000bf3    00000001     (.common:resource)
                  20000bf4    00000001     (.common:sched_mode)

.data      0    20000bf8    00000028     UNINITIALIZED
                  20000bf8    00000028     rtos.obj (.data)

.stack     0    20000000    00000800     UNINITIALIZED
                  20000000    00000004     rtsv7M4_T_le_v4SPD16_eabi.lib : boot_cortex_m.c.obj (.stack)
                  20000004    000007fc     --HOLE--

.heap      0    20001000    00007000     UNINITIALIZED
                  20001000    00007000     rtos.obj (.heap)

__llvm_prf_cnts 
*          0    20000000    00000000     UNINITIALIZED

MODULE SUMMARY

       Module                         code    ro data   rw data
       ------                         ----    -------   -------
    ./
       rtos.obj                       12088   0         29725  
       tm4c123gh6pm_startup_ccs.obj   10      620       0      
       uart0.obj                      388     0         0      
       rtos_s.obj                     80      0         0      
       wait.obj                       36      0         0      
    +--+------------------------------+-------+---------+---------+
       Total:                         12602   620       29725  
                                                               
    /Applications/ti/ccs/tools/compiler/ti-cgt-arm_20.2.1.LTS/lib/rtsv7M4_T_le_v4SPD16_eabi.lib
       memcpy_t2.asm.obj              156     0         0      
       memset_t2.asm.obj              122     0         0      
       copy_decompress_lzss.c.obj     104     0         0      
       autoinit.c.obj                 68      0         0      
       boot_cortex_m.c.obj            52      0         0      
       copy_decompress_none.c.obj     14      0         0      
       copy_zero_init.c.obj           12      0         0      
       exit.c.obj                     4       0         0      
       pre_init.c.obj                 4       0         0      
    +--+------------------------------+-------+---------+---------+
       Total:                         536     0         0      
                                                               
       Stack:                         0       0         2048   
       Linker Generated:              0       72        0      
    +--+------------------------------+-------+---------+---------+
       Grand Total:                   13138   692       31773  


LINKER GENERATED COPY TABLES

__TI_cinit_table @ 000035f0 records: 3, size/record: 8, table size: 24
	.data: load addr=000035c0, load size=00000014 bytes, run addr=20000bf8, run size=00000028 bytes, compression=lzss
	.bss: load addr=000035e0, load size=00000008 bytes, run addr=20000800, run size=000003f5 bytes, compression=zero_init
	.heap: load addr=000035e8, load size=00000008 bytes, run addr=20001000, run size=00007000 bytes, compression=zero_init


LINKER GENERATED HANDLER TABLE

__TI_handler_table @ 000035d4 records: 3, size/record: 4, table size: 12
	index: 0, handler: __TI_decompress_lzss
	index: 1, handler: __TI_decompress_none
	index: 2, handler: __TI_zero_init


GLOBAL SYMBOLS: SORTED ALPHABETICALLY BY Name 

address   name                          
-------   ----                          
000035bd  C$$EXIT                       
00002125  IntegerToString               
20000c10  N                             
000035af  ResetISR                      
20000800  __STACK_END                   
00000800  __STACK_SIZE                  
20000200  __STACK_TOP                   
000035f0  __TI_CINIT_Base               
00003608  __TI_CINIT_Limit              
000035d4  __TI_Handler_Table_Base       
000035e0  __TI_Handler_Table_Limit      
000034f9  __TI_auto_init_nobinit_nopinit
0000343f  __TI_decompress_lzss          
00003595  __TI_decompress_none          
ffffffff  __TI_pprof_out_hndl           
ffffffff  __TI_prof_data_size           
ffffffff  __TI_prof_data_start          
00000000  __TI_static_base__            
000035a3  __TI_zero_init                
000033c5  __aeabi_memclr                
000033c5  __aeabi_memclr4               
000033c5  __aeabi_memclr8               
00003329  __aeabi_memcpy                
00003329  __aeabi_memcpy4               
00003329  __aeabi_memcpy8               
000033c7  __aeabi_memset                
000033c7  __aeabi_memset4               
000033c7  __aeabi_memset8               
ffffffff  __binit__                     
ffffffff  __c_args__                    
UNDEFED   __mpu_init                    
20000000  __stack                       
20000000  __start___llvm_prf_cnts       
20000000  __stop___llvm_prf_cnts        
0000353d  _c_int00_noargs               
UNDEFED   _system_post_cinit            
000035b9  _system_pre_init              
000035bd  abort                         
000022f1  alpha                         
ffffffff  binit                         
00001c7f  busFaultIsr                   
000025c9  compare                       
00001eb1  copy                          
20000c17  count                         
00000599  createSemaphore               
00000413  createThread                  
0000280d  debounce                      
0000056d  destroyThread                 
00002867  errant                        
20000c00  final_time                    
000026e1  flash4Hz                      
20000bf0  flashReq                      
00000000  g_pfnVectors                  
00002539  getFieldInteger               
000024f9  getFieldString                
00001f15  getLength                     
000034f3  getMSP                        
000034ed  getPSP                        
00001f49  getSVCNumber                  
000032ad  getcUart0                     
0000226d  getsUart0                     
00001c15  hardFaultIsr                  
20000c18  heap                          
000021af  hex2int                       
000026c5  idle                          
00002885  important                     
00001cd9  initHw                        
0000026d  initRtos                      
000031a5  initUart0                     
20000bfc  initial_time                  
00002659  ipcs                          
0000260f  isCommand                     
20000c0c  j                             
000032c9  kbhitUart0                    
20000bf1  keyPressed                    
20000bf2  keyReleased                   
00002665  kill                          
20000bac  last_searched_task            
00002727  lengthyFn                     
00002ee1  main                          
00003329  memcpy                        
000033cd  memset                        
000026b7  mpu                           
00001a9d  mpuFaultIsr                   
20000c16  mpu_mode                      
20001000  mystack                       
00002323  numeric                       
000026f5  oneshot                       
0000235d  parseFields                   
00002717  partOfLengthyFn               
00000b49  pendSvIsr                     
00002671  pi                            
20000c15  pi_mode                       
0000269b  pidof                         
000009eb  post                          
0000267f  preempt                       
20000c14  preempt_mode                  
20000c1c  priority_num                  
000034bb  privilegedmode                
000026a7  proc_name                     
0000264d  ps                            
00003265  putcUart0                     
00003281  putsUart0                     
00002775  readKeys                      
00001e1f  readPbs                       
000026b3  reboot                        
20000bf3  resource                      
0000055b  restartThread                 
000002bb  rtosScheduler                 
20000c1e  run_task                      
0000268d  sched                         
20000bf4  sched_mode                    
20000bf8  semaphoreCount                
20000ad0  semaphores                    
000034d7  setASP                        
000034c9  setPSP                        
0000057d  setThreadPriority             
00003239  setUart0BaudRate              
000028dd  shell                         
000009cd  sleep                         
00000619  startRtos                     
00000f5d  svCallIsr                     
00000a09  systickIsr                    
20000bfa  taskCount                     
20000bf9  taskCurrent                   
20000800  tcb                           
20000bec  time_difference               
20000c04  total_time                    
20000c08  total_time_temp               
00002079  uint32_tToHex                 
00001fb9  uint32_tToHex1                
00002857  uncooperative                 
00001ca1  usageFaultIsr                 
000034ad  usermode                      
000009dd  wait                          
00003571  waitMicrosecond               
000009c1  yield                         


GLOBAL SYMBOLS: SORTED BY Symbol Address 

address   name                          
-------   ----                          
00000000  __TI_static_base__            
00000000  g_pfnVectors                  
0000026d  initRtos                      
000002bb  rtosScheduler                 
00000413  createThread                  
0000055b  restartThread                 
0000056d  destroyThread                 
0000057d  setThreadPriority             
00000599  createSemaphore               
00000619  startRtos                     
00000800  __STACK_SIZE                  
000009c1  yield                         
000009cd  sleep                         
000009dd  wait                          
000009eb  post                          
00000a09  systickIsr                    
00000b49  pendSvIsr                     
00000f5d  svCallIsr                     
00001a9d  mpuFaultIsr                   
00001c15  hardFaultIsr                  
00001c7f  busFaultIsr                   
00001ca1  usageFaultIsr                 
00001cd9  initHw                        
00001e1f  readPbs                       
00001eb1  copy                          
00001f15  getLength                     
00001f49  getSVCNumber                  
00001fb9  uint32_tToHex1                
00002079  uint32_tToHex                 
00002125  IntegerToString               
000021af  hex2int                       
0000226d  getsUart0                     
000022f1  alpha                         
00002323  numeric                       
0000235d  parseFields                   
000024f9  getFieldString                
00002539  getFieldInteger               
000025c9  compare                       
0000260f  isCommand                     
0000264d  ps                            
00002659  ipcs                          
00002665  kill                          
00002671  pi                            
0000267f  preempt                       
0000268d  sched                         
0000269b  pidof                         
000026a7  proc_name                     
000026b3  reboot                        
000026b7  mpu                           
000026c5  idle                          
000026e1  flash4Hz                      
000026f5  oneshot                       
00002717  partOfLengthyFn               
00002727  lengthyFn                     
00002775  readKeys                      
0000280d  debounce                      
00002857  uncooperative                 
00002867  errant                        
00002885  important                     
000028dd  shell                         
00002ee1  main                          
000031a5  initUart0                     
00003239  setUart0BaudRate              
00003265  putcUart0                     
00003281  putsUart0                     
000032ad  getcUart0                     
000032c9  kbhitUart0                    
00003329  __aeabi_memcpy                
00003329  __aeabi_memcpy4               
00003329  __aeabi_memcpy8               
00003329  memcpy                        
000033c5  __aeabi_memclr                
000033c5  __aeabi_memclr4               
000033c5  __aeabi_memclr8               
000033c7  __aeabi_memset                
000033c7  __aeabi_memset4               
000033c7  __aeabi_memset8               
000033cd  memset                        
0000343f  __TI_decompress_lzss          
000034ad  usermode                      
000034bb  privilegedmode                
000034c9  setPSP                        
000034d7  setASP                        
000034ed  getPSP                        
000034f3  getMSP                        
000034f9  __TI_auto_init_nobinit_nopinit
0000353d  _c_int00_noargs               
00003571  waitMicrosecond               
00003595  __TI_decompress_none          
000035a3  __TI_zero_init                
000035af  ResetISR                      
000035b9  _system_pre_init              
000035bd  C$$EXIT                       
000035bd  abort                         
000035d4  __TI_Handler_Table_Base       
000035e0  __TI_Handler_Table_Limit      
000035f0  __TI_CINIT_Base               
00003608  __TI_CINIT_Limit              
20000000  __stack                       
20000000  __start___llvm_prf_cnts       
20000000  __stop___llvm_prf_cnts        
20000200  __STACK_TOP                   
20000800  __STACK_END                   
20000800  tcb                           
20000ad0  semaphores                    
20000bac  last_searched_task            
20000bec  time_difference               
20000bf0  flashReq                      
20000bf1  keyPressed                    
20000bf2  keyReleased                   
20000bf3  resource                      
20000bf4  sched_mode                    
20000bf8  semaphoreCount                
20000bf9  taskCurrent                   
20000bfa  taskCount                     
20000bfc  initial_time                  
20000c00  final_time                    
20000c04  total_time                    
20000c08  total_time_temp               
20000c0c  j                             
20000c10  N                             
20000c14  preempt_mode                  
20000c15  pi_mode                       
20000c16  mpu_mode                      
20000c17  count                         
20000c18  heap                          
20000c1c  priority_num                  
20000c1e  run_task                      
20001000  mystack                       
ffffffff  __TI_pprof_out_hndl           
ffffffff  __TI_prof_data_size           
ffffffff  __TI_prof_data_start          
ffffffff  __binit__                     
ffffffff  __c_args__                    
ffffffff  binit                         
UNDEFED   __mpu_init                    
UNDEFED   _system_post_cinit            

[137 symbols]
