******************************************************************************
                  TI ARM Linker Unix v20.2.1                   
******************************************************************************
>> Linked Tue Nov 17 17:54:59 2020

OUTPUT FILE NAME:   <RTOS.out>
ENTRY POINT SYMBOL: "_c_int00_noargs"  address: 00002e31


MEMORY CONFIGURATION

         name            origin    length      used     unused   attr    fill
----------------------  --------  ---------  --------  --------  ----  --------
  FLASH                 00000000   00040000  000030c9  0003cf37  R  X
  SRAM                  20000000   00008000  00007a98  00000568  RW X


SEGMENT ALLOCATION MAP

run origin  load origin   length   init length attrs members
----------  ----------- ---------- ----------- ----- -------
00000000    00000000    000030d0   000030d0    r-x
  00000000    00000000    0000026c   0000026c    r-- .intvecs
  0000026c    0000026c    00002d14   00002d14    r-x .text
  00002f80    00002f80    00000101   00000101    r-- .const
  00003088    00003088    00000048   00000048    r-- .cinit
20000000    20000000    00000a98   00000000    rw-
  20000000    20000000    00000800   00000000    rw- .stack
  20000800    20000800    0000028c   00000000    rw- .bss
  20000a8c    20000a8c    0000000c   00000000    rw- .data
20001000    20001000    00007000   00000000    rw-
  20001000    20001000    00007000   00000000    rw- .heap


SECTION ALLOCATION MAP

 output                                  attributes/
section   page    origin      length       input sections
--------  ----  ----------  ----------   ----------------
.intvecs   0    00000000    0000026c     
                  00000000    0000026c     tm4c123gh6pm_startup_ccs.obj (.intvecs)

.text      0    0000026c    00002d14     
                  0000026c    00000d14     rtos.obj (.text)
                  00000f80    00000a4e     rtsv7M4_T_le_v4SPD16_eabi.lib : _printfi.c.obj (.text:__TI_printfi)
                  000019ce    00000002                                   : div0.asm.obj (.text)
                  000019d0    00000270                                   : _printfi.c.obj (.text:_pconv_a)
                  00001c40    000001d0                                   : _printfi.c.obj (.text:_pconv_g)
                  00001e10    000001b6                                   : fd_add_t2.asm.obj (.text)
                  00001fc6    00000002     --HOLE-- [fill = 0]
                  00001fc8    0000017c     uart0.obj (.text)
                  00002144    0000013c     rtsv7M4_T_le_v4SPD16_eabi.lib : _printfi.c.obj (.text:_pconv_e)
                  00002280    00000136                                   : fd_div_t2.asm.obj (.text)
                  000023b6    00000002     --HOLE-- [fill = 0]
                  000023b8    00000124                                   : _printfi.c.obj (.text:fcvt)
                  000024dc    00000110                                   : s_scalbn.c.obj (.text:scalbn)
                  000025ec    000000fc                                   : fd_mul_t2.asm.obj (.text)
                  000026e8    000000b1                                   : _printfi.c.obj (.text:_ltostr)
                  00002799    00000001     --HOLE-- [fill = 0]
                  0000279a    0000009c                                   : memcpy_t2.asm.obj (.text)
                  00002836    00000096                                   : ull_div_t2.asm.obj (.text)
                  000028cc    00000086                                   : fd_cmp_t2.asm.obj (.text:__aeabi_cdcmple)
                  00002952    00000086                                   : fd_cmp_t2.asm.obj (.text:__aeabi_cdrcmple)
                  000029d8    0000007a                                   : memset_t2.asm.obj (.text)
                  00002a52    0000006e                                   : _printfi.c.obj (.text:_mcpy)
                  00002ac0    00000068                                   : copy_decompress_lzss.c.obj (.text:decompress:lzss:__TI_decompress_lzss)
                  00002b28    00000064                                   : s_frexp.c.obj (.text:frexp)
                  00002b8c    00000056                                   : _printfi.c.obj (.text:_pconv_f)
                  00002be2    00000054                                   : _ltoa.c.obj (.text:__TI_ltoa)
                  00002c36    00000052                                   : _printfi.c.obj (.text:_ecpy)
                  00002c88    00000050     rtos_s.obj (.text)
                  00002cd8    0000004c     rtsv7M4_T_le_v4SPD16_eabi.lib : atoi.c.obj (.text:atoi)
                  00002d24    00000048                                   : fd_toi_t2.asm.obj (.text)
                  00002d6c    00000044                                   : autoinit.c.obj (.text:__TI_auto_init_nobinit_nopinit:__TI_auto_init_nobinit_nopinit)
                  00002db0    00000040                                   : sprintf.c.obj (.text:sprintf)
                  00002df0    0000003e                                   : _printfi.c.obj (.text:_fcpy)
                  00002e2e    00000002     --HOLE-- [fill = 0]
                  00002e30    00000034                                   : boot_cortex_m.c.obj (.text:_c_int00_noargs:_c_int00_noargs)
                  00002e64    0000002e                                   : i_tofd_t2.asm.obj (.text)
                  00002e92    00000024     wait.obj (.text)
                  00002eb6    0000001c     rtsv7M4_T_le_v4SPD16_eabi.lib : memccpy.c.obj (.text:memccpy)
                  00002ed2    0000001a                                   : s_copysign.c.obj (.text:copysign)
                  00002eec    00000018                                   : sprintf.c.obj (.text:_outs)
                  00002f04    00000016                                   : strchr.c.obj (.text:strchr)
                  00002f1a    00000014                                   : strlen.c.obj (.text:strlen)
                  00002f2e    00000012                                   : wcslen.c.obj (.text:wcslen)
                  00002f40    0000000e                                   : copy_decompress_none.c.obj (.text:decompress:none:__TI_decompress_none)
                  00002f4e    0000000c                                   : copy_zero_init.c.obj (.text:decompress:ZI:__TI_zero_init)
                  00002f5a    0000000c     tm4c123gh6pm_startup_ccs.obj (.text)
                  00002f66    0000000a     rtsv7M4_T_le_v4SPD16_eabi.lib : sprintf.c.obj (.text:_outc)
                  00002f70    00000008                                   : errno.c.obj (.text:__aeabi_errno_addr)
                  00002f78    00000004                                   : pre_init.c.obj (.text:_system_pre_init)
                  00002f7c    00000004                                   : exit.c.obj (.text:abort:abort)

.const     0    00002f80    00000101     
                  00002f80    00000101     rtsv7M4_T_le_v4SPD16_eabi.lib : ctype.c.obj (.const:.string:_ctypes_)

.cinit     0    00003088    00000048     
                  00003088    00000010     (.cinit..data.load) [load image, compression = lzss]
                  00003098    0000000c     (__TI_handler_table)
                  000030a4    00000004     --HOLE-- [fill = 0]
                  000030a8    00000008     (.cinit..bss.load) [load image, compression = zero_init]
                  000030b0    00000008     (.cinit..heap.load) [load image, compression = zero_init]
                  000030b8    00000018     (__TI_cinit_table)

.init_array 
*          0    00000000    00000000     UNINITIALIZED

.bss       0    20000800    0000028c     UNINITIALIZED
                  20000800    00000210     (.common:tcb)
                  20000a10    00000078     (.common:semaphores)
                  20000a88    00000001     (.common:flashReq)
                  20000a89    00000001     (.common:keyPressed)
                  20000a8a    00000001     (.common:keyReleased)
                  20000a8b    00000001     (.common:resource)

.data      0    20000a8c    0000000c     UNINITIALIZED
                  20000a8c    00000008     rtos.obj (.data)
                  20000a94    00000004     rtsv7M4_T_le_v4SPD16_eabi.lib : errno.c.obj (.data)

.stack     0    20000000    00000800     UNINITIALIZED
                  20000000    00000004     rtsv7M4_T_le_v4SPD16_eabi.lib : boot_cortex_m.c.obj (.stack)
                  20000004    000007fc     --HOLE--

.heap      0    20001000    00007000     UNINITIALIZED
                  20001000    00007000     rtos.obj (.heap)

__llvm_prf_cnts 
*          0    20000000    00000000     UNINITIALIZED

MODULE SUMMARY

       Module                         code    ro data   rw data
       ------                         ----    -------   -------
    ./
       rtos.obj                       3348    0         29332  
       tm4c123gh6pm_startup_ccs.obj   12      620       0      
       uart0.obj                      380     0         0      
       rtos_s.obj                     80      0         0      
       wait.obj                       36      0         0      
    +--+------------------------------+-------+---------+---------+
       Total:                         3856    620       29332  
                                                               
    /Applications/ti/ccs/tools/compiler/ti-cgt-arm_20.2.1.LTS/lib/rtsv7M4_T_le_v4SPD16_eabi.lib
       _printfi.c.obj                 4851    0         0      
       fd_add_t2.asm.obj              438     0         0      
       fd_div_t2.asm.obj              310     0         0      
       s_scalbn.c.obj                 272     0         0      
       fd_cmp_t2.asm.obj              268     0         0      
       ctype.c.obj                    0       257       0      
       fd_mul_t2.asm.obj              252     0         0      
       memcpy_t2.asm.obj              156     0         0      
       ull_div_t2.asm.obj             150     0         0      
       memset_t2.asm.obj              122     0         0      
       copy_decompress_lzss.c.obj     104     0         0      
       s_frexp.c.obj                  100     0         0      
       sprintf.c.obj                  98      0         0      
       _ltoa.c.obj                    84      0         0      
       atoi.c.obj                     76      0         0      
       fd_toi_t2.asm.obj              72      0         0      
       autoinit.c.obj                 68      0         0      
       boot_cortex_m.c.obj            52      0         0      
       i_tofd_t2.asm.obj              46      0         0      
       memccpy.c.obj                  28      0         0      
       s_copysign.c.obj               26      0         0      
       strchr.c.obj                   22      0         0      
       strlen.c.obj                   20      0         0      
       wcslen.c.obj                   18      0         0      
       copy_decompress_none.c.obj     14      0         0      
       copy_zero_init.c.obj           12      0         0      
       errno.c.obj                    8       0         4      
       exit.c.obj                     4       0         0      
       pre_init.c.obj                 4       0         0      
       div0.asm.obj                   2       0         0      
    +--+------------------------------+-------+---------+---------+
       Total:                         7677    257       4      
                                                               
       Stack:                         0       0         2048   
       Linker Generated:              0       68        0      
    +--+------------------------------+-------+---------+---------+
       Grand Total:                   11533   945       31384  


LINKER GENERATED COPY TABLES

__TI_cinit_table @ 000030b8 records: 3, size/record: 8, table size: 24
	.data: load addr=00003088, load size=00000010 bytes, run addr=20000a8c, run size=0000000c bytes, compression=lzss
	.bss: load addr=000030a8, load size=00000008 bytes, run addr=20000800, run size=0000028c bytes, compression=zero_init
	.heap: load addr=000030b0, load size=00000008 bytes, run addr=20001000, run size=00007000 bytes, compression=zero_init


LINKER GENERATED HANDLER TABLE

__TI_handler_table @ 00003098 records: 3, size/record: 4, table size: 12
	index: 0, handler: __TI_decompress_lzss
	index: 1, handler: __TI_decompress_none
	index: 2, handler: __TI_zero_init


GLOBAL SYMBOLS: SORTED ALPHABETICALLY BY Name 

address   name                          
-------   ----                          
00002f7d  C$$EXIT                       
00002f5b  ResetISR                      
20000800  __STACK_END                   
00000800  __STACK_SIZE                  
20000200  __STACK_TOP                   
000030b8  __TI_CINIT_Base               
000030d0  __TI_CINIT_Limit              
00003098  __TI_Handler_Table_Base       
000030a4  __TI_Handler_Table_Limit      
00002d6d  __TI_auto_init_nobinit_nopinit
00002ac1  __TI_decompress_lzss          
00002f41  __TI_decompress_none          
00002be3  __TI_ltoa                     
ffffffff  __TI_pprof_out_hndl           
00000f81  __TI_printfi                  
ffffffff  __TI_prof_data_size           
ffffffff  __TI_prof_data_start          
00000000  __TI_static_base__            
00002f4f  __TI_zero_init                
000028cd  __aeabi_cdcmpeq               
000028cd  __aeabi_cdcmple               
00002953  __aeabi_cdrcmple              
00002d25  __aeabi_d2iz                  
00001e1b  __aeabi_dadd                  
00002281  __aeabi_ddiv                  
000025ed  __aeabi_dmul                  
00001e11  __aeabi_dsub                  
00002f71  __aeabi_errno_addr            
00002e65  __aeabi_i2d                   
000019cf  __aeabi_idiv0                 
000019cf  __aeabi_ldiv0                 
000029d9  __aeabi_memclr                
000029d9  __aeabi_memclr4               
000029d9  __aeabi_memclr8               
0000279b  __aeabi_memcpy                
0000279b  __aeabi_memcpy4               
0000279b  __aeabi_memcpy8               
000029db  __aeabi_memset                
000029db  __aeabi_memset4               
000029db  __aeabi_memset8               
00002837  __aeabi_uldivmod              
ffffffff  __binit__                     
ffffffff  __c_args__                    
UNDEFED   __mpu_init                    
20000000  __stack                       
20000000  __start___llvm_prf_cnts       
20000000  __stop___llvm_prf_cnts        
00002e31  _c_int00_noargs               
00002f80  _ctypes_                      
UNDEFED   _system_post_cinit            
00002f79  _system_pre_init              
00002f7d  abort                         
00002cd9  atoi                          
ffffffff  binit                         
000009d1  busFaultIsr                   
00000ae3  copy                          
00002ed3  copysign                      
00002ed3  copysignl                     
00000559  createSemaphore               
00000379  createThread                  
00000cb5  debounce                      
0000053b  destroyThread                 
00000d35  errant                        
20000a94  errno                         
00000b65  flash4Hz                      
20000a88  flashReq                      
00002b29  frexp                         
00002b29  frexpl                        
00000000  g_pfnVectors                  
00002cd3  getMSP                        
00002ccd  getPSP                        
00000b2d  getSVCNumber                  
000020d1  getcUart0                     
000009cf  hardFaultIsr                  
20000a90  heap                          
00000b49  idle                          
00000d6d  important                     
000009d5  initHw                        
0000026d  initRtos                      
00001fc9  initUart0                     
000020e5  kbhitUart0                    
20000a89  keyPressed                    
20000a8a  keyReleased                   
000024dd  ldexp                         
000024dd  ldexpl                        
00000bc5  lengthyFn                     
00000db9  main                          
00002eb7  memccpy                       
0000279b  memcpy                        
000029e1  memset                        
000009cd  mpuFaultIsr                   
20001000  mystack                       
00000b85  oneshot                       
00000ba7  partOfLengthyFn               
000006a9  pendSvIsr                     
00000613  post                          
00002c9b  privilegedmode                
00002089  putcUart0                     
000020a5  putsUart0                     
00000c1d  readKeys                      
00000a71  readPbs                       
20000a8b  resource                      
00000531  restartThread                 
000002bb  rtosScheduler                 
000024dd  scalbn                        
000024dd  scalbnl                       
20000a8c  semaphoreCount                
20000a10  semaphores                    
00002cb7  setASP                        
00002ca9  setPSP                        
00000545  setThreadPriority             
0000205d  setUart0BaudRate              
00000d99  shell                         
000005f9  sleep                         
00002db1  sprintf                       
000005a5  startRtos                     
00002f05  strchr                        
00002f1b  strlen                        
000007dd  svCallIsr                     
00000621  systickIsr                    
20000a8e  taskCount                     
20000a8d  taskCurrent                   
20000800  tcb                           
00000d11  uncooperative                 
000009d3  usageFaultIsr                 
00002c8d  usermode                      
00000605  wait                          
00002e93  waitMicrosecond               
00002f2f  wcslen                        
000005f5  yield                         


GLOBAL SYMBOLS: SORTED BY Symbol Address 

address   name                          
-------   ----                          
00000000  __TI_static_base__            
00000000  g_pfnVectors                  
0000026d  initRtos                      
000002bb  rtosScheduler                 
00000379  createThread                  
00000531  restartThread                 
0000053b  destroyThread                 
00000545  setThreadPriority             
00000559  createSemaphore               
000005a5  startRtos                     
000005f5  yield                         
000005f9  sleep                         
00000605  wait                          
00000613  post                          
00000621  systickIsr                    
000006a9  pendSvIsr                     
000007dd  svCallIsr                     
00000800  __STACK_SIZE                  
000009cd  mpuFaultIsr                   
000009cf  hardFaultIsr                  
000009d1  busFaultIsr                   
000009d3  usageFaultIsr                 
000009d5  initHw                        
00000a71  readPbs                       
00000ae3  copy                          
00000b2d  getSVCNumber                  
00000b49  idle                          
00000b65  flash4Hz                      
00000b85  oneshot                       
00000ba7  partOfLengthyFn               
00000bc5  lengthyFn                     
00000c1d  readKeys                      
00000cb5  debounce                      
00000d11  uncooperative                 
00000d35  errant                        
00000d6d  important                     
00000d99  shell                         
00000db9  main                          
00000f81  __TI_printfi                  
000019cf  __aeabi_idiv0                 
000019cf  __aeabi_ldiv0                 
00001e11  __aeabi_dsub                  
00001e1b  __aeabi_dadd                  
00001fc9  initUart0                     
0000205d  setUart0BaudRate              
00002089  putcUart0                     
000020a5  putsUart0                     
000020d1  getcUart0                     
000020e5  kbhitUart0                    
00002281  __aeabi_ddiv                  
000024dd  ldexp                         
000024dd  ldexpl                        
000024dd  scalbn                        
000024dd  scalbnl                       
000025ed  __aeabi_dmul                  
0000279b  __aeabi_memcpy                
0000279b  __aeabi_memcpy4               
0000279b  __aeabi_memcpy8               
0000279b  memcpy                        
00002837  __aeabi_uldivmod              
000028cd  __aeabi_cdcmpeq               
000028cd  __aeabi_cdcmple               
00002953  __aeabi_cdrcmple              
000029d9  __aeabi_memclr                
000029d9  __aeabi_memclr4               
000029d9  __aeabi_memclr8               
000029db  __aeabi_memset                
000029db  __aeabi_memset4               
000029db  __aeabi_memset8               
000029e1  memset                        
00002ac1  __TI_decompress_lzss          
00002b29  frexp                         
00002b29  frexpl                        
00002be3  __TI_ltoa                     
00002c8d  usermode                      
00002c9b  privilegedmode                
00002ca9  setPSP                        
00002cb7  setASP                        
00002ccd  getPSP                        
00002cd3  getMSP                        
00002cd9  atoi                          
00002d25  __aeabi_d2iz                  
00002d6d  __TI_auto_init_nobinit_nopinit
00002db1  sprintf                       
00002e31  _c_int00_noargs               
00002e65  __aeabi_i2d                   
00002e93  waitMicrosecond               
00002eb7  memccpy                       
00002ed3  copysign                      
00002ed3  copysignl                     
00002f05  strchr                        
00002f1b  strlen                        
00002f2f  wcslen                        
00002f41  __TI_decompress_none          
00002f4f  __TI_zero_init                
00002f5b  ResetISR                      
00002f71  __aeabi_errno_addr            
00002f79  _system_pre_init              
00002f7d  C$$EXIT                       
00002f7d  abort                         
00002f80  _ctypes_                      
00003098  __TI_Handler_Table_Base       
000030a4  __TI_Handler_Table_Limit      
000030b8  __TI_CINIT_Base               
000030d0  __TI_CINIT_Limit              
20000000  __stack                       
20000000  __start___llvm_prf_cnts       
20000000  __stop___llvm_prf_cnts        
20000200  __STACK_TOP                   
20000800  __STACK_END                   
20000800  tcb                           
20000a10  semaphores                    
20000a88  flashReq                      
20000a89  keyPressed                    
20000a8a  keyReleased                   
20000a8b  resource                      
20000a8c  semaphoreCount                
20000a8d  taskCurrent                   
20000a8e  taskCount                     
20000a90  heap                          
20000a94  errno                         
20001000  mystack                       
ffffffff  __TI_pprof_out_hndl           
ffffffff  __TI_prof_data_size           
ffffffff  __TI_prof_data_start          
ffffffff  __binit__                     
ffffffff  __c_args__                    
ffffffff  binit                         
UNDEFED   __mpu_init                    
UNDEFED   _system_post_cinit            

[130 symbols]
