******************************************************************************
                  TI ARM Linker Unix v18.12.5                  
******************************************************************************
>> Linked Thu Oct 29 22:11:02 2020

OUTPUT FILE NAME:   <RTOS.out>
ENTRY POINT SYMBOL: "_c_int00_noargs"  address: 00002aa5


MEMORY CONFIGURATION

         name            origin    length      used     unused   attr    fill
----------------------  --------  ---------  --------  --------  ----  --------
  FLASH                 00000000   00040000  00002d3d  0003d2c3  R  X
  SRAM                  20000000   00008000  00007a9c  00000564  RW X


SEGMENT ALLOCATION MAP

run origin  load origin   length   init length attrs members
----------  ----------- ---------- ----------- ----- -------
00000000    00000000    00002d40   00002d40    r-x
  00000000    00000000    0000026c   0000026c    r-- .intvecs
  0000026c    0000026c    00002988   00002988    r-x .text
  00002bf4    00002bf4    00000101   00000101    r-- .const
  00002cf8    00002cf8    00000048   00000048    r-- .cinit
20000000    20000000    00000a9c   00000000    rw-
  20000000    20000000    00000800   00000000    rw- .stack
  20000800    20000800    0000028c   00000000    rw- .bss
  20000a8c    20000a8c    00000010   00000000    rw- .data
20001000    20001000    00007000   00000000    rw-
  20001000    20001000    00007000   00000000    rw- .heap


SECTION ALLOCATION MAP

 output                                  attributes/
section   page    origin      length       input sections
--------  ----  ----------  ----------   ----------------
.intvecs   0    00000000    0000026c     
                  00000000    0000026c     tm4c123gh6pm_startup_ccs.obj (.intvecs)

.text      0    0000026c    00002988     
                  0000026c    00000a4e     rtsv7M4_T_le_v4SPD16_eabi.lib : _printfi.c.obj (.text:__TI_printfi)
                  00000cba    00000002                                   : div0.asm.obj (.text)
                  00000cbc    00000988     rtos.obj (.text)
                  00001644    00000270     rtsv7M4_T_le_v4SPD16_eabi.lib : _printfi.c.obj (.text:_pconv_a)
                  000018b4    000001d0                                   : _printfi.c.obj (.text:_pconv_g)
                  00001a84    000001b6                                   : fd_add_t2.asm.obj (.text)
                  00001c3a    00000002     --HOLE-- [fill = 0]
                  00001c3c    0000017c     uart0.obj (.text)
                  00001db8    0000013c     rtsv7M4_T_le_v4SPD16_eabi.lib : _printfi.c.obj (.text:_pconv_e)
                  00001ef4    00000136                                   : fd_div_t2.asm.obj (.text)
                  0000202a    00000002     --HOLE-- [fill = 0]
                  0000202c    00000124                                   : _printfi.c.obj (.text:fcvt)
                  00002150    00000110                                   : s_scalbn.c.obj (.text:scalbn)
                  00002260    000000fc                                   : fd_mul_t2.asm.obj (.text)
                  0000235c    000000b1                                   : _printfi.c.obj (.text:_ltostr)
                  0000240d    00000001     --HOLE-- [fill = 0]
                  0000240e    0000009c                                   : memcpy_t2.asm.obj (.text)
                  000024aa    00000096                                   : ull_div_t2.asm.obj (.text)
                  00002540    00000086                                   : fd_cmp_t2.asm.obj (.text:__aeabi_cdcmple)
                  000025c6    00000086                                   : fd_cmp_t2.asm.obj (.text:__aeabi_cdrcmple)
                  0000264c    0000007a                                   : memset_t2.asm.obj (.text)
                  000026c6    0000006e                                   : _printfi.c.obj (.text:_mcpy)
                  00002734    00000068                                   : copy_decompress_lzss.c.obj (.text:decompress:lzss:__TI_decompress_lzss)
                  0000279c    00000064                                   : s_frexp.c.obj (.text:frexp)
                  00002800    00000056                                   : _printfi.c.obj (.text:_pconv_f)
                  00002856    00000054                                   : ltoa.c.obj (.text:ltoa)
                  000028aa    00000052                                   : _printfi.c.obj (.text:_ecpy)
                  000028fc    00000050     rtos_s.obj (.text)
                  0000294c    0000004c     rtsv7M4_T_le_v4SPD16_eabi.lib : atoi.c.obj (.text:atoi)
                  00002998    00000048                                   : fd_toi_t2.asm.obj (.text)
                  000029e0    00000044                                   : autoinit.c.obj (.text:__TI_auto_init_nobinit_nopinit:__TI_auto_init_nobinit_nopinit)
                  00002a24    00000040                                   : sprintf.c.obj (.text:sprintf)
                  00002a64    0000003e                                   : _printfi.c.obj (.text:_fcpy)
                  00002aa2    00000002     --HOLE-- [fill = 0]
                  00002aa4    00000034                                   : boot_cortex_m.c.obj (.text:_c_int00_noargs:_c_int00_noargs)
                  00002ad8    0000002e                                   : i_tofd_t2.asm.obj (.text)
                  00002b06    00000024     wait.obj (.text)
                  00002b2a    0000001c     rtsv7M4_T_le_v4SPD16_eabi.lib : memccpy.c.obj (.text:memccpy)
                  00002b46    0000001a                                   : s_copysign.c.obj (.text:copysign)
                  00002b60    00000018                                   : sprintf.c.obj (.text:_outs)
                  00002b78    00000016                                   : strchr.c.obj (.text:strchr)
                  00002b8e    00000014                                   : strlen.c.obj (.text:strlen)
                  00002ba2    00000012                                   : wcslen.c.obj (.text:wcslen)
                  00002bb4    0000000e                                   : copy_decompress_none.c.obj (.text:decompress:none:__TI_decompress_none)
                  00002bc2    0000000c                                   : copy_zero_init.c.obj (.text:decompress:ZI:__TI_zero_init)
                  00002bce    0000000c     tm4c123gh6pm_startup_ccs.obj (.text)
                  00002bda    0000000a     rtsv7M4_T_le_v4SPD16_eabi.lib : sprintf.c.obj (.text:_outc)
                  00002be4    00000008                                   : errno.c.obj (.text:__aeabi_errno_addr)
                  00002bec    00000004                                   : pre_init.c.obj (.text:_system_pre_init)
                  00002bf0    00000004                                   : exit.c.obj (.text:abort:abort)

.const     0    00002bf4    00000101     
                  00002bf4    00000101     rtsv7M4_T_le_v4SPD16_eabi.lib : ctype.c.obj (.const:.string:_ctypes_)

.cinit     0    00002cf8    00000048     
                  00002cf8    00000012     (.cinit..data.load) [load image, compression = lzss]
                  00002d0a    00000002     --HOLE-- [fill = 0]
                  00002d0c    0000000c     (__TI_handler_table)
                  00002d18    00000008     (.cinit..bss.load) [load image, compression = zero_init]
                  00002d20    00000008     (.cinit..heap.load) [load image, compression = zero_init]
                  00002d28    00000018     (__TI_cinit_table)

.init_array 
*          0    00000000    00000000     UNINITIALIZED

.bss       0    20000800    0000028c     UNINITIALIZED
                  20000800    00000210     (.common:tcb)
                  20000a10    00000078     (.common:semaphores)
                  20000a88    00000001     (.common:flashReq)
                  20000a89    00000001     (.common:keyPressed)
                  20000a8a    00000001     (.common:keyReleased)
                  20000a8b    00000001     (.common:resource)

.data      0    20000a8c    00000010     UNINITIALIZED
                  20000a8c    00000009     rtos.obj (.data)
                  20000a95    00000003     --HOLE--
                  20000a98    00000004     rtsv7M4_T_le_v4SPD16_eabi.lib : errno.c.obj (.data)

.stack     0    20000000    00000800     UNINITIALIZED
                  20000000    00000004     rtsv7M4_T_le_v4SPD16_eabi.lib : boot_cortex_m.c.obj (.stack)
                  20000004    000007fc     --HOLE--

.heap      0    20001000    00007000     UNINITIALIZED
                  20001000    00007000     rtos.obj (.heap)

MODULE SUMMARY

       Module                         code    ro data   rw data
       ------                         ----    -------   -------
    ./
       rtos.obj                       2440    0         29333  
       tm4c123gh6pm_startup_ccs.obj   12      620       0      
       uart0.obj                      380     0         0      
       rtos_s.obj                     80      0         0      
       wait.obj                       36      0         0      
    +--+------------------------------+-------+---------+---------+
       Total:                         2948    620       29333  
                                                               
    /Applications/ti/ccs930/ccs/tools/compiler/ti-cgt-arm_18.12.5.LTS/lib/rtsv7M4_T_le_v4SPD16_eabi.lib
       _printfi.c.obj                 4851    0         0      
       fd_add_t2.asm.obj              438     0         0      
       fd_div_t2.asm.obj              310     0         0      
       s_scalbn.c.obj                 272     0         0      
       fd_cmp_t2.asm.obj              268     0         0      
       ctype.c.obj                    0       257       0      
       fd_mul_t2.asm.obj              252     0         0      
       memcpy_t2.asm.obj              156     0         0      
       ull_div_t2.asm.obj             150     0         0      
       memset_t2.asm.obj              122     0         0      
       copy_decompress_lzss.c.obj     104     0         0      
       s_frexp.c.obj                  100     0         0      
       sprintf.c.obj                  98      0         0      
       ltoa.c.obj                     84      0         0      
       atoi.c.obj                     76      0         0      
       fd_toi_t2.asm.obj              72      0         0      
       autoinit.c.obj                 68      0         0      
       boot_cortex_m.c.obj            52      0         0      
       i_tofd_t2.asm.obj              46      0         0      
       memccpy.c.obj                  28      0         0      
       s_copysign.c.obj               26      0         0      
       strchr.c.obj                   22      0         0      
       strlen.c.obj                   20      0         0      
       wcslen.c.obj                   18      0         0      
       copy_decompress_none.c.obj     14      0         0      
       copy_zero_init.c.obj           12      0         0      
       errno.c.obj                    8       0         4      
       exit.c.obj                     4       0         0      
       pre_init.c.obj                 4       0         0      
       div0.asm.obj                   2       0         0      
    +--+------------------------------+-------+---------+---------+
       Total:                         7677    257       4      
                                                               
       Stack:                         0       0         2048   
       Linker Generated:              0       70        0      
    +--+------------------------------+-------+---------+---------+
       Grand Total:                   10625   947       31385  


LINKER GENERATED COPY TABLES

__TI_cinit_table @ 00002d28 records: 3, size/record: 8, table size: 24
	.data: load addr=00002cf8, load size=00000012 bytes, run addr=20000a8c, run size=00000010 bytes, compression=lzss
	.bss: load addr=00002d18, load size=00000008 bytes, run addr=20000800, run size=0000028c bytes, compression=zero_init
	.heap: load addr=00002d20, load size=00000008 bytes, run addr=20001000, run size=00007000 bytes, compression=zero_init


LINKER GENERATED HANDLER TABLE

__TI_handler_table @ 00002d0c records: 3, size/record: 4, table size: 12
	index: 0, handler: __TI_decompress_lzss
	index: 1, handler: __TI_decompress_none
	index: 2, handler: __TI_zero_init


GLOBAL SYMBOLS: SORTED ALPHABETICALLY BY Name 

address   name                          
-------   ----                          
00002bf1  C$$EXIT                       
00002bcf  ResetISR                      
20000800  __STACK_END                   
00000800  __STACK_SIZE                  
20000200  __STACK_TOP                   
00002d28  __TI_CINIT_Base               
00002d40  __TI_CINIT_Limit              
00002d0c  __TI_Handler_Table_Base       
00002d18  __TI_Handler_Table_Limit      
000029e1  __TI_auto_init_nobinit_nopinit
00002735  __TI_decompress_lzss          
00002bb5  __TI_decompress_none          
ffffffff  __TI_pprof_out_hndl           
0000026d  __TI_printfi                  
ffffffff  __TI_prof_data_size           
ffffffff  __TI_prof_data_start          
00000000  __TI_static_base__            
00002bc3  __TI_zero_init                
00002541  __aeabi_cdcmpeq               
00002541  __aeabi_cdcmple               
000025c7  __aeabi_cdrcmple              
00002999  __aeabi_d2iz                  
00001a8f  __aeabi_dadd                  
00001ef5  __aeabi_ddiv                  
00002261  __aeabi_dmul                  
00001a85  __aeabi_dsub                  
00002be5  __aeabi_errno_addr            
00002ad9  __aeabi_i2d                   
00000cbb  __aeabi_idiv0                 
00000cbb  __aeabi_ldiv0                 
0000264d  __aeabi_memclr                
0000264d  __aeabi_memclr4               
0000264d  __aeabi_memclr8               
0000240f  __aeabi_memcpy                
0000240f  __aeabi_memcpy4               
0000240f  __aeabi_memcpy8               
0000264f  __aeabi_memset                
0000264f  __aeabi_memset4               
0000264f  __aeabi_memset8               
000024ab  __aeabi_uldivmod              
ffffffff  __binit__                     
ffffffff  __c_args__                    
UNDEFED   __mpu_init                    
20000000  __stack                       
00002aa5  _c_int00_noargs               
00002bf4  _ctypes_                      
UNDEFED   _system_post_cinit            
00002bed  _system_pre_init              
00002bf1  abort                         
0000294d  atoi                          
ffffffff  binit                         
00001013  busFaultIsr                   
00001135  copy                          
00002b47  copysign                      
00002b47  copysignl                     
00000f47  createSemaphore               
00000d6d  createThread                  
000012fd  debounce                      
00000f2f  destroyThread                 
0000137d  errant                        
20000a98  errno                         
000011a9  flash4Hz                      
20000a88  flashReq                      
0000279d  frexp                         
0000279d  frexpl                        
00000000  g_pfnVectors                  
00002947  getMSP                        
00002941  getPSP                        
00001d45  getcUart0                     
00001011  hardFaultIsr                  
20000a90  heap                          
00001189  idle                          
000013b5  important                     
0000101d  initHw                        
00000cbd  initRtos                      
00001c3d  initUart0                     
00001d59  kbhitUart0                    
20000a89  keyPressed                    
20000a8a  keyReleased                   
00002151  ldexp                         
00002151  ldexpl                        
00001203  lengthyFn                     
00002857  ltoa                          
00001405  main                          
00002b2b  memccpy                       
0000240f  memcpy                        
00002655  memset                        
0000100f  mpuFaultIsr                   
20001000  mystack                       
000011c1  oneshot                       
000011eb  partOfLengthyFn               
00000ffb  pendSvIsr                     
00000fed  post                          
0000290f  privilegedmode                
00001cfd  putcUart0                     
00001d19  putsUart0                     
0000125d  readKeys                      
000010b5  readPbs                       
20000a8b  resource                      
00000f25  restartThread                 
00000d0b  rtosScheduler                 
00002151  scalbn                        
00002151  scalbnl                       
20000a8c  semaphoreCount                
20000a10  semaphores                    
0000292b  setASP                        
0000291d  setPSP                        
00000f39  setThreadPriority             
00001cd1  setUart0BaudRate              
000013e1  shell                         
00000fcd  sleep                         
00002a25  sprintf                       
00000f8b  startRtos                     
00002b79  strchr                        
00002b8f  strlen                        
00001003  svCallIsr                     
00000ff9  systickIsr                    
20000a8e  taskCount                     
20000a8d  taskCurrent                   
20000800  tcb                           
00001359  uncooperative                 
00001015  usageFaultIsr                 
00002901  usermode                      
00000fdd  wait                          
00002b07  waitMicrosecond               
00002ba3  wcslen                        
00000fc9  yield                         


GLOBAL SYMBOLS: SORTED BY Symbol Address 

address   name                          
-------   ----                          
00000000  __TI_static_base__            
00000000  g_pfnVectors                  
0000026d  __TI_printfi                  
00000800  __STACK_SIZE                  
00000cbb  __aeabi_idiv0                 
00000cbb  __aeabi_ldiv0                 
00000cbd  initRtos                      
00000d0b  rtosScheduler                 
00000d6d  createThread                  
00000f25  restartThread                 
00000f2f  destroyThread                 
00000f39  setThreadPriority             
00000f47  createSemaphore               
00000f8b  startRtos                     
00000fc9  yield                         
00000fcd  sleep                         
00000fdd  wait                          
00000fed  post                          
00000ff9  systickIsr                    
00000ffb  pendSvIsr                     
00001003  svCallIsr                     
0000100f  mpuFaultIsr                   
00001011  hardFaultIsr                  
00001013  busFaultIsr                   
00001015  usageFaultIsr                 
0000101d  initHw                        
000010b5  readPbs                       
00001135  copy                          
00001189  idle                          
000011a9  flash4Hz                      
000011c1  oneshot                       
000011eb  partOfLengthyFn               
00001203  lengthyFn                     
0000125d  readKeys                      
000012fd  debounce                      
00001359  uncooperative                 
0000137d  errant                        
000013b5  important                     
000013e1  shell                         
00001405  main                          
00001a85  __aeabi_dsub                  
00001a8f  __aeabi_dadd                  
00001c3d  initUart0                     
00001cd1  setUart0BaudRate              
00001cfd  putcUart0                     
00001d19  putsUart0                     
00001d45  getcUart0                     
00001d59  kbhitUart0                    
00001ef5  __aeabi_ddiv                  
00002151  ldexp                         
00002151  ldexpl                        
00002151  scalbn                        
00002151  scalbnl                       
00002261  __aeabi_dmul                  
0000240f  __aeabi_memcpy                
0000240f  __aeabi_memcpy4               
0000240f  __aeabi_memcpy8               
0000240f  memcpy                        
000024ab  __aeabi_uldivmod              
00002541  __aeabi_cdcmpeq               
00002541  __aeabi_cdcmple               
000025c7  __aeabi_cdrcmple              
0000264d  __aeabi_memclr                
0000264d  __aeabi_memclr4               
0000264d  __aeabi_memclr8               
0000264f  __aeabi_memset                
0000264f  __aeabi_memset4               
0000264f  __aeabi_memset8               
00002655  memset                        
00002735  __TI_decompress_lzss          
0000279d  frexp                         
0000279d  frexpl                        
00002857  ltoa                          
00002901  usermode                      
0000290f  privilegedmode                
0000291d  setPSP                        
0000292b  setASP                        
00002941  getPSP                        
00002947  getMSP                        
0000294d  atoi                          
00002999  __aeabi_d2iz                  
000029e1  __TI_auto_init_nobinit_nopinit
00002a25  sprintf                       
00002aa5  _c_int00_noargs               
00002ad9  __aeabi_i2d                   
00002b07  waitMicrosecond               
00002b2b  memccpy                       
00002b47  copysign                      
00002b47  copysignl                     
00002b79  strchr                        
00002b8f  strlen                        
00002ba3  wcslen                        
00002bb5  __TI_decompress_none          
00002bc3  __TI_zero_init                
00002bcf  ResetISR                      
00002be5  __aeabi_errno_addr            
00002bed  _system_pre_init              
00002bf1  C$$EXIT                       
00002bf1  abort                         
00002bf4  _ctypes_                      
00002d0c  __TI_Handler_Table_Base       
00002d18  __TI_Handler_Table_Limit      
00002d28  __TI_CINIT_Base               
00002d40  __TI_CINIT_Limit              
20000000  __stack                       
20000200  __STACK_TOP                   
20000800  __STACK_END                   
20000800  tcb                           
20000a10  semaphores                    
20000a88  flashReq                      
20000a89  keyPressed                    
20000a8a  keyReleased                   
20000a8b  resource                      
20000a8c  semaphoreCount                
20000a8d  taskCurrent                   
20000a8e  taskCount                     
20000a90  heap                          
20000a98  errno                         
20001000  mystack                       
ffffffff  __TI_pprof_out_hndl           
ffffffff  __TI_prof_data_size           
ffffffff  __TI_prof_data_start          
ffffffff  __binit__                     
ffffffff  __c_args__                    
ffffffff  binit                         
UNDEFED   __mpu_init                    
UNDEFED   _system_post_cinit            

[127 symbols]
