******************************************************************************
                  TI ARM Linker Unix v18.12.5                  
******************************************************************************
>> Linked Wed Oct 28 02:07:44 2020

OUTPUT FILE NAME:   <RTOS.out>
ENTRY POINT SYMBOL: "_c_int00_noargs"  address: 000029f1


MEMORY CONFIGURATION

         name            origin    length      used     unused   attr    fill
----------------------  --------  ---------  --------  --------  ----  --------
  FLASH                 00000000   00040000  00002c81  0003d37f  R  X
  SRAM                  20000000   00008000  00001298  00006d68  RW X


SEGMENT ALLOCATION MAP

run origin  load origin   length   init length attrs members
----------  ----------- ---------- ----------- ----- -------
00000000    00000000    00002c88   00002c88    r-x
  00000000    00000000    0000026c   0000026c    r-- .intvecs
  0000026c    0000026c    000028e4   000028e4    r-x .text
  00002b50    00002b50    00000101   00000101    r-- .const
  00002c58    00002c58    00000030   00000030    r-- .cinit
20000000    20000000    00001000   00000000    rw-
  20000000    20000000    00001000   00000000    rw- .stack
20001000    20001000    00000004   00000004    r--
  20001000    20001000    00000004   00000004    r-- .htable
20001004    20001004    00000294   00000000    rw-
  20001004    20001004    0000028c   00000000    rw- .bss
  20001290    20001290    00000008   00000000    rw- .data


SECTION ALLOCATION MAP

 output                                  attributes/
section   page    origin      length       input sections
--------  ----  ----------  ----------   ----------------
.intvecs   0    00000000    0000026c     
                  00000000    0000026c     tm4c123gh6pm_startup_ccs.obj (.intvecs)

.text      0    0000026c    000028e4     
                  0000026c    00000a4e     rtsv7M4_T_le_v4SPD16_eabi.lib : _printfi.c.obj (.text:__TI_printfi)
                  00000cba    00000002                                   : div0.asm.obj (.text)
                  00000cbc    00000924     rtos.obj (.text)
                  000015e0    00000270     rtsv7M4_T_le_v4SPD16_eabi.lib : _printfi.c.obj (.text:_pconv_a)
                  00001850    000001d0                                   : _printfi.c.obj (.text:_pconv_g)
                  00001a20    000001b6                                   : fd_add_t2.asm.obj (.text)
                  00001bd6    00000002     --HOLE-- [fill = 0]
                  00001bd8    0000017c     uart0.obj (.text)
                  00001d54    0000013c     rtsv7M4_T_le_v4SPD16_eabi.lib : _printfi.c.obj (.text:_pconv_e)
                  00001e90    00000136                                   : fd_div_t2.asm.obj (.text)
                  00001fc6    00000002     --HOLE-- [fill = 0]
                  00001fc8    00000124                                   : _printfi.c.obj (.text:fcvt)
                  000020ec    00000110                                   : s_scalbn.c.obj (.text:scalbn)
                  000021fc    000000fc                                   : fd_mul_t2.asm.obj (.text)
                  000022f8    000000b1                                   : _printfi.c.obj (.text:_ltostr)
                  000023a9    00000001     --HOLE-- [fill = 0]
                  000023aa    0000009c                                   : memcpy_t2.asm.obj (.text)
                  00002446    00000096                                   : ull_div_t2.asm.obj (.text)
                  000024dc    00000086                                   : fd_cmp_t2.asm.obj (.text:__aeabi_cdcmple)
                  00002562    00000086                                   : fd_cmp_t2.asm.obj (.text:__aeabi_cdrcmple)
                  000025e8    0000007a                                   : memset_t2.asm.obj (.text)
                  00002662    0000006e                                   : _printfi.c.obj (.text:_mcpy)
                  000026d0    00000068                                   : copy_decompress_lzss.c.obj (.text:decompress:lzss:__TI_decompress_lzss)
                  00002738    00000064                                   : s_frexp.c.obj (.text:frexp)
                  0000279c    00000056                                   : _printfi.c.obj (.text:_pconv_f)
                  000027f2    00000054                                   : ltoa.c.obj (.text:ltoa)
                  00002846    00000052                                   : _printfi.c.obj (.text:_ecpy)
                  00002898    0000004c                                   : atoi.c.obj (.text:atoi)
                  000028e4    00000048                                   : fd_toi_t2.asm.obj (.text)
                  0000292c    00000044                                   : autoinit.c.obj (.text:__TI_auto_init_nobinit_nopinit:__TI_auto_init_nobinit_nopinit)
                  00002970    00000040                                   : sprintf.c.obj (.text:sprintf)
                  000029b0    0000003e                                   : _printfi.c.obj (.text:_fcpy)
                  000029ee    00000002     --HOLE-- [fill = 0]
                  000029f0    00000034                                   : boot_cortex_m.c.obj (.text:_c_int00_noargs:_c_int00_noargs)
                  00002a24    0000002e                                   : i_tofd_t2.asm.obj (.text)
                  00002a52    00000024     wait.obj (.text)
                  00002a76    0000001c     rtsv7M4_T_le_v4SPD16_eabi.lib : copy_zero_init.c.obj (.text:decompress:ZI:__TI_zero_init_nomemset:__TI_zero_init_nomemset)
                  00002a92    0000001c                                   : memccpy.c.obj (.text:memccpy)
                  00002aae    0000001a                                   : s_copysign.c.obj (.text:copysign)
                  00002ac8    00000018                                   : sprintf.c.obj (.text:_outs)
                  00002ae0    00000016                                   : strchr.c.obj (.text:strchr)
                  00002af6    00000014                                   : strlen.c.obj (.text:strlen)
                  00002b0a    00000012                                   : wcslen.c.obj (.text:wcslen)
                  00002b1c    0000000e                                   : copy_decompress_none.c.obj (.text:decompress:none:__TI_decompress_none)
                  00002b2a    0000000c     tm4c123gh6pm_startup_ccs.obj (.text)
                  00002b36    0000000a     rtsv7M4_T_le_v4SPD16_eabi.lib : sprintf.c.obj (.text:_outc)
                  00002b40    00000008                                   : errno.c.obj (.text:__aeabi_errno_addr)
                  00002b48    00000004                                   : pre_init.c.obj (.text:_system_pre_init)
                  00002b4c    00000004                                   : exit.c.obj (.text:abort:abort)

.const     0    00002b50    00000101     
                  00002b50    00000101     rtsv7M4_T_le_v4SPD16_eabi.lib : ctype.c.obj (.const:.string:_ctypes_)

.cinit     0    00002c58    00000030     
                  00002c58    0000000c     (__TI_handler_table)
                  00002c64    0000000b     (.cinit..data.load) [load image, compression = lzss]
                  00002c6f    00000001     --HOLE-- [fill = 0]
                  00002c70    00000008     (.cinit..bss.load) [load image, compression = zero_init]
                  00002c78    00000010     (__TI_cinit_table)

.init_array 
*          0    00000000    00000000     UNINITIALIZED

.bss       0    20001004    0000028c     UNINITIALIZED
                  20001004    00000210     (.common:tcb)
                  20001214    00000078     (.common:semaphores)
                  2000128c    00000001     (.common:flashReq)
                  2000128d    00000001     (.common:keyPressed)
                  2000128e    00000001     (.common:keyReleased)
                  2000128f    00000001     (.common:resource)

.data      0    20001290    00000008     UNINITIALIZED
                  20001290    00000004     rtos.obj (.data)
                  20001294    00000004     rtsv7M4_T_le_v4SPD16_eabi.lib : errno.c.obj (.data)

.stack     0    20000000    00001000     UNINITIALIZED
                  20000000    00000004     rtsv7M4_T_le_v4SPD16_eabi.lib : boot_cortex_m.c.obj (.stack)
                  20000004    00000ffc     --HOLE--

.htable    0    20001000    00000004     
                  20001000    00000004     rtos.obj (.htable)

MODULE SUMMARY

       Module                         code    ro data   rw data
       ------                         ----    -------   -------
    ./
       rtos.obj                       2340    4         656    
       tm4c123gh6pm_startup_ccs.obj   12      620       0      
       uart0.obj                      380     0         0      
       wait.obj                       36      0         0      
    +--+------------------------------+-------+---------+---------+
       Total:                         2768    624       656    
                                                               
    /Applications/ti/ccs930/ccs/tools/compiler/ti-cgt-arm_18.12.5.LTS/lib/rtsv7M4_T_le_v4SPD16_eabi.lib
       _printfi.c.obj                 4851    0         0      
       fd_add_t2.asm.obj              438     0         0      
       fd_div_t2.asm.obj              310     0         0      
       s_scalbn.c.obj                 272     0         0      
       fd_cmp_t2.asm.obj              268     0         0      
       ctype.c.obj                    0       257       0      
       fd_mul_t2.asm.obj              252     0         0      
       memcpy_t2.asm.obj              156     0         0      
       ull_div_t2.asm.obj             150     0         0      
       memset_t2.asm.obj              122     0         0      
       copy_decompress_lzss.c.obj     104     0         0      
       s_frexp.c.obj                  100     0         0      
       sprintf.c.obj                  98      0         0      
       ltoa.c.obj                     84      0         0      
       atoi.c.obj                     76      0         0      
       fd_toi_t2.asm.obj              72      0         0      
       autoinit.c.obj                 68      0         0      
       boot_cortex_m.c.obj            52      0         0      
       i_tofd_t2.asm.obj              46      0         0      
       copy_zero_init.c.obj           28      0         0      
       memccpy.c.obj                  28      0         0      
       s_copysign.c.obj               26      0         0      
       strchr.c.obj                   22      0         0      
       strlen.c.obj                   20      0         0      
       wcslen.c.obj                   18      0         0      
       copy_decompress_none.c.obj     14      0         0      
       errno.c.obj                    8       0         4      
       exit.c.obj                     4       0         0      
       pre_init.c.obj                 4       0         0      
       div0.asm.obj                   2       0         0      
    +--+------------------------------+-------+---------+---------+
       Total:                         7693    257       4      
                                                               
       Stack:                         0       0         4096   
       Linker Generated:              0       47        0      
    +--+------------------------------+-------+---------+---------+
       Grand Total:                   10461   928       4756   


LINKER GENERATED COPY TABLES

__TI_cinit_table @ 00002c78 records: 2, size/record: 8, table size: 16
	.data: load addr=00002c64, load size=0000000b bytes, run addr=20001290, run size=00000008 bytes, compression=lzss
	.bss: load addr=00002c70, load size=00000008 bytes, run addr=20001004, run size=0000028c bytes, compression=zero_init


LINKER GENERATED HANDLER TABLE

__TI_handler_table @ 00002c58 records: 3, size/record: 4, table size: 12
	index: 0, handler: __TI_decompress_lzss
	index: 1, handler: __TI_decompress_none
	index: 2, handler: __TI_zero_init


GLOBAL SYMBOLS: SORTED ALPHABETICALLY BY Name 

address   name                          
-------   ----                          
00002b4d  C$$EXIT                       
00002b2b  ResetISR                      
20001000  __STACK_END                   
00001000  __STACK_SIZE                  
20000200  __STACK_TOP                   
00002c78  __TI_CINIT_Base               
00002c88  __TI_CINIT_Limit              
00002c58  __TI_Handler_Table_Base       
00002c64  __TI_Handler_Table_Limit      
0000292d  __TI_auto_init_nobinit_nopinit
000026d1  __TI_decompress_lzss          
00002b1d  __TI_decompress_none          
ffffffff  __TI_pprof_out_hndl           
0000026d  __TI_printfi                  
ffffffff  __TI_prof_data_size           
ffffffff  __TI_prof_data_start          
00000000  __TI_static_base__            
00002a77  __TI_zero_init_nomemset       
000024dd  __aeabi_cdcmpeq               
000024dd  __aeabi_cdcmple               
00002563  __aeabi_cdrcmple              
000028e5  __aeabi_d2iz                  
00001a2b  __aeabi_dadd                  
00001e91  __aeabi_ddiv                  
000021fd  __aeabi_dmul                  
00001a21  __aeabi_dsub                  
00002b41  __aeabi_errno_addr            
00002a25  __aeabi_i2d                   
00000cbb  __aeabi_idiv0                 
00000cbb  __aeabi_ldiv0                 
000025e9  __aeabi_memclr                
000025e9  __aeabi_memclr4               
000025e9  __aeabi_memclr8               
000023ab  __aeabi_memcpy                
000023ab  __aeabi_memcpy4               
000023ab  __aeabi_memcpy8               
000025eb  __aeabi_memset                
000025eb  __aeabi_memset4               
000025eb  __aeabi_memset8               
00002447  __aeabi_uldivmod              
ffffffff  __binit__                     
ffffffff  __c_args__                    
UNDEFED   __mpu_init                    
20000000  __stack                       
000029f1  _c_int00_noargs               
00002b50  _ctypes_                      
UNDEFED   _system_post_cinit            
00002b49  _system_pre_init              
00002b4d  abort                         
00002899  atoi                          
ffffffff  binit                         
00000faf  busFaultIsr                   
000010cf  copy                          
00002aaf  copysign                      
00002aaf  copysignl                     
00000f3b  createSemaphore               
00000d6d  createThread                  
00001299  debounce                      
00000f23  destroyThread                 
00001309  errant                        
20001294  errno                         
00001135  flash4Hz                      
2000128c  flashReq                      
00002739  frexp                         
00002739  frexpl                        
00000000  g_pfnVectors                  
00001ce1  getcUart0                     
00000fad  hardFaultIsr                  
00001119  idle                          
0000134d  important                     
00000fc5  initHw                        
00000cbd  initRtos                      
00001bd9  initUart0                     
00001cf5  kbhitUart0                    
2000128d  keyPressed                    
2000128e  keyReleased                   
000020ed  ldexp                         
000020ed  ldexpl                        
00001199  lengthyFn                     
000027f3  ltoa                          
000013a1  main                          
00002a93  memccpy                       
000023ab  memcpy                        
000025f1  memset                        
00000fab  mpuFaultIsr                   
20001000  mystack                       
00001155  oneshot                       
20001000  pVectors                      
00001177  partOfLengthyFn               
00000fa7  pendSvIsr                     
00000f99  post                          
00001c99  putcUart0                     
00001cb5  putsUart0                     
000011f7  readKeys                      
0000105d  readPbs                       
2000128f  resource                      
00000f19  restartThread                 
00000d0b  rtosScheduler                 
000020ed  scalbn                        
000020ed  scalbnl                       
20001290  semaphoreCount                
20001214  semaphores                    
00000f2d  setThreadPriority             
00001c6d  setUart0BaudRate              
00001379  shell                         
00000f83  sleep                         
00002971  sprintf                       
00000f7f  startRtos                     
00002ae1  strchr                        
00002af7  strlen                        
00000fa9  svCallIsr                     
00000fa5  systickIsr                    
20001292  taskCount                     
20001291  taskCurrent                   
20001004  tcb                           
000012e3  uncooperative                 
00000fb1  usageFaultIsr                 
00000f8d  wait                          
00002a53  waitMicrosecond               
00002b0b  wcslen                        
00000f81  yield                         


GLOBAL SYMBOLS: SORTED BY Symbol Address 

address   name                          
-------   ----                          
00000000  __TI_static_base__            
00000000  g_pfnVectors                  
0000026d  __TI_printfi                  
00000cbb  __aeabi_idiv0                 
00000cbb  __aeabi_ldiv0                 
00000cbd  initRtos                      
00000d0b  rtosScheduler                 
00000d6d  createThread                  
00000f19  restartThread                 
00000f23  destroyThread                 
00000f2d  setThreadPriority             
00000f3b  createSemaphore               
00000f7f  startRtos                     
00000f81  yield                         
00000f83  sleep                         
00000f8d  wait                          
00000f99  post                          
00000fa5  systickIsr                    
00000fa7  pendSvIsr                     
00000fa9  svCallIsr                     
00000fab  mpuFaultIsr                   
00000fad  hardFaultIsr                  
00000faf  busFaultIsr                   
00000fb1  usageFaultIsr                 
00000fc5  initHw                        
00001000  __STACK_SIZE                  
0000105d  readPbs                       
000010cf  copy                          
00001119  idle                          
00001135  flash4Hz                      
00001155  oneshot                       
00001177  partOfLengthyFn               
00001199  lengthyFn                     
000011f7  readKeys                      
00001299  debounce                      
000012e3  uncooperative                 
00001309  errant                        
0000134d  important                     
00001379  shell                         
000013a1  main                          
00001a21  __aeabi_dsub                  
00001a2b  __aeabi_dadd                  
00001bd9  initUart0                     
00001c6d  setUart0BaudRate              
00001c99  putcUart0                     
00001cb5  putsUart0                     
00001ce1  getcUart0                     
00001cf5  kbhitUart0                    
00001e91  __aeabi_ddiv                  
000020ed  ldexp                         
000020ed  ldexpl                        
000020ed  scalbn                        
000020ed  scalbnl                       
000021fd  __aeabi_dmul                  
000023ab  __aeabi_memcpy                
000023ab  __aeabi_memcpy4               
000023ab  __aeabi_memcpy8               
000023ab  memcpy                        
00002447  __aeabi_uldivmod              
000024dd  __aeabi_cdcmpeq               
000024dd  __aeabi_cdcmple               
00002563  __aeabi_cdrcmple              
000025e9  __aeabi_memclr                
000025e9  __aeabi_memclr4               
000025e9  __aeabi_memclr8               
000025eb  __aeabi_memset                
000025eb  __aeabi_memset4               
000025eb  __aeabi_memset8               
000025f1  memset                        
000026d1  __TI_decompress_lzss          
00002739  frexp                         
00002739  frexpl                        
000027f3  ltoa                          
00002899  atoi                          
000028e5  __aeabi_d2iz                  
0000292d  __TI_auto_init_nobinit_nopinit
00002971  sprintf                       
000029f1  _c_int00_noargs               
00002a25  __aeabi_i2d                   
00002a53  waitMicrosecond               
00002a77  __TI_zero_init_nomemset       
00002a93  memccpy                       
00002aaf  copysign                      
00002aaf  copysignl                     
00002ae1  strchr                        
00002af7  strlen                        
00002b0b  wcslen                        
00002b1d  __TI_decompress_none          
00002b2b  ResetISR                      
00002b41  __aeabi_errno_addr            
00002b49  _system_pre_init              
00002b4d  C$$EXIT                       
00002b4d  abort                         
00002b50  _ctypes_                      
00002c58  __TI_Handler_Table_Base       
00002c64  __TI_Handler_Table_Limit      
00002c78  __TI_CINIT_Base               
00002c88  __TI_CINIT_Limit              
20000000  __stack                       
20000200  __STACK_TOP                   
20001000  __STACK_END                   
20001000  mystack                       
20001000  pVectors                      
20001004  tcb                           
20001214  semaphores                    
2000128c  flashReq                      
2000128d  keyPressed                    
2000128e  keyReleased                   
2000128f  resource                      
20001290  semaphoreCount                
20001291  taskCurrent                   
20001292  taskCount                     
20001294  errno                         
ffffffff  __TI_pprof_out_hndl           
ffffffff  __TI_prof_data_size           
ffffffff  __TI_prof_data_start          
ffffffff  __binit__                     
ffffffff  __c_args__                    
ffffffff  binit                         
UNDEFED   __mpu_init                    
UNDEFED   _system_post_cinit            

[121 symbols]
